Archive member included to satisfy reference by file (symbol)

/opt/devkitpro/libgba/lib/libmm.a(mm_mas.o)
                              bn_hw_audio.o (mmStart)
/opt/devkitpro/libgba/lib/libmm.a(mm_main.o)
                              /opt/devkitpro/libgba/lib/libmm.a(mm_mas.o) (mmCallback)
/opt/devkitpro/libgba/lib/libmm.a(mm_effect.o)
                              /opt/devkitpro/libgba/lib/libmm.a(mm_main.o) (mmResetEffects)
/opt/devkitpro/libgba/lib/libmm.a(mm_mas_arm.o)
                              /opt/devkitpro/libgba/lib/libmm.a(mm_mas.o) (mmAllocChannel)
/opt/devkitpro/libgba/lib/libmm.a(mm_mixer_gba.o)
                              bn_hw_audio.o (mmVBlank)
/opt/devkitpro/devkitARM/bin/../lib/gcc/arm-none-eabi/10.2.0/thumb/libgcc.a(_call_via_rX.o)
                              /opt/devkitpro/libgba/lib/libmm.a(mm_main.o) (_call_via_r1)
/opt/devkitpro/devkitARM/bin/../lib/gcc/arm-none-eabi/10.2.0/thumb/libgcc.a(_aeabi_ldivmod.o)
                              bn_hw_text.o (__aeabi_ldivmod)
/opt/devkitpro/devkitARM/bin/../lib/gcc/arm-none-eabi/10.2.0/thumb/libgcc.a(_aeabi_uldivmod.o)
                              bn_hw_text.o (__aeabi_uldivmod)
/opt/devkitpro/devkitARM/bin/../lib/gcc/arm-none-eabi/10.2.0/thumb/libgcc.a(_udivmoddi4.o)
                              /opt/devkitpro/devkitARM/bin/../lib/gcc/arm-none-eabi/10.2.0/thumb/libgcc.a(_aeabi_ldivmod.o) (__udivmoddi4)
/opt/devkitpro/devkitARM/bin/../lib/gcc/arm-none-eabi/10.2.0/thumb/libgcc.a(_clzdi2.o)
                              /opt/devkitpro/devkitARM/bin/../lib/gcc/arm-none-eabi/10.2.0/thumb/libgcc.a(_udivmoddi4.o) (__clzdi2)
/opt/devkitpro/devkitARM/bin/../lib/gcc/arm-none-eabi/10.2.0/thumb/libgcc.a(_clzsi2.o)
                              /opt/devkitpro/devkitARM/bin/../lib/gcc/arm-none-eabi/10.2.0/thumb/libgcc.a(_clzdi2.o) (__clzsi2)
/opt/devkitpro/devkitARM/bin/../lib/gcc/arm-none-eabi/10.2.0/../../../../arm-none-eabi/lib/thumb/libg.a(lib_a-init.o)
                              /opt/devkitpro/devkitARM/bin/../lib/gcc/arm-none-eabi/10.2.0/../../../../arm-none-eabi/lib/thumb/gba_crt0.o (__libc_init_array)
/opt/devkitpro/devkitARM/bin/../lib/gcc/arm-none-eabi/10.2.0/../../../../arm-none-eabi/lib/thumb/libg.a(lib_a-memcpy-stub.o)
                              main.o (memcpy)
/opt/devkitpro/devkitARM/bin/../lib/gcc/arm-none-eabi/10.2.0/../../../../arm-none-eabi/lib/thumb/libg.a(lib_a-memmove.o)
                              bn_display_manager.o (memmove)
/opt/devkitpro/devkitARM/bin/../lib/gcc/arm-none-eabi/10.2.0/../../../../arm-none-eabi/lib/thumb/libg.a(lib_a-memset.o)
                              bn_bg_blocks_manager.o (memset)
/opt/devkitpro/devkitARM/bin/../lib/gcc/arm-none-eabi/10.2.0/../../../../arm-none-eabi/lib/thumb/libsysbase.a(malloc_vars.o)
                              /opt/devkitpro/devkitARM/bin/../lib/gcc/arm-none-eabi/10.2.0/../../../../arm-none-eabi/lib/thumb/gba_crt0.o (fake_heap_end)

Discarded input sections

 .text          0x0000000000000000        0x0 /opt/devkitpro/devkitARM/bin/../lib/gcc/arm-none-eabi/10.2.0/../../../../arm-none-eabi/lib/thumb/gba_crt0.o
 .data          0x0000000000000000        0x0 /opt/devkitpro/devkitARM/bin/../lib/gcc/arm-none-eabi/10.2.0/../../../../arm-none-eabi/lib/thumb/gba_crt0.o
 .bss           0x0000000000000000        0x0 /opt/devkitpro/devkitARM/bin/../lib/gcc/arm-none-eabi/10.2.0/../../../../arm-none-eabi/lib/thumb/gba_crt0.o
 .text          0x0000000000000000        0x0 /opt/devkitpro/devkitARM/bin/../lib/gcc/arm-none-eabi/10.2.0/thumb/crti.o
 .data          0x0000000000000000        0x0 /opt/devkitpro/devkitARM/bin/../lib/gcc/arm-none-eabi/10.2.0/thumb/crti.o
 .bss           0x0000000000000000        0x0 /opt/devkitpro/devkitARM/bin/../lib/gcc/arm-none-eabi/10.2.0/thumb/crti.o
 .text          0x0000000000000000        0x0 /opt/devkitpro/devkitARM/bin/../lib/gcc/arm-none-eabi/10.2.0/thumb/crtbegin.o
 .data          0x0000000000000000        0x0 /opt/devkitpro/devkitARM/bin/../lib/gcc/arm-none-eabi/10.2.0/thumb/crtbegin.o
 .bss           0x0000000000000000        0x0 /opt/devkitpro/devkitARM/bin/../lib/gcc/arm-none-eabi/10.2.0/thumb/crtbegin.o
 .data.__dso_handle
                0x0000000000000000        0x4 /opt/devkitpro/devkitARM/bin/../lib/gcc/arm-none-eabi/10.2.0/thumb/crtbegin.o
 .text          0x0000000000000000        0x0 _bn_audio_soundbank.bin.o
 .data          0x0000000000000000        0x0 _bn_audio_soundbank.bin.o
 .bss           0x0000000000000000        0x0 _bn_audio_soundbank.bin.o
 .text          0x0000000000000000        0x0 dungeon_bg_bn_graphics.o
 .data          0x0000000000000000        0x0 dungeon_bg_bn_graphics.o
 .bss           0x0000000000000000        0x0 dungeon_bg_bn_graphics.o
 .text          0x0000000000000000        0x0 golem_sprite_bn_graphics.o
 .data          0x0000000000000000        0x0 golem_sprite_bn_graphics.o
 .bss           0x0000000000000000        0x0 golem_sprite_bn_graphics.o
[...]
Memory Configuration

Name             Origin             Length             Attributes
rom              0x0000000008000000 0x0000000002000000
iwram            0x0000000003000000 0x0000000000008000
ewram            0x0000000002000000 0x0000000000040000
*default*        0x0000000000000000 0xffffffffffffffff

Linker script and memory map

                0x0000000008000000                __text_start = ORIGIN (rom)
                0x0000000002040000                __eheap_end = (ORIGIN (ewram) + LENGTH (ewram))
                0x0000000003000000                __iwram_start = ORIGIN (iwram)
                0x0000000003008000                __iwram_top = (ORIGIN (iwram) + LENGTH (iwram))
                0x0000000003007fa0                __sp_irq = (__iwram_top - 0x60)
                0x0000000003007f00                __sp_usr = (__sp_irq - 0xa0)
                0x0000000003007ff8                __irq_flags = 0x3007ff8
                0x0000000008000000                . = __text_start

.crt0           0x0000000008000000      0x210
 *(.crt0)
 .crt0          0x0000000008000000      0x210 /opt/devkitpro/devkitARM/bin/../lib/gcc/arm-none-eabi/10.2.0/../../../../arm-none-eabi/lib/thumb/gba_crt0.o
                0x0000000008000000                _start
                0x00000000080000c4                __boot_method
                0x00000000080000c5                __slave_number
                0x00000000080000e0                start_vector
                0x0000000008000210                . = ALIGN (0x4)

.init           0x0000000008000210        0xc
 *(SORT_NONE(.init))
 .init          0x0000000008000210        0x4 /opt/devkitpro/devkitARM/bin/../lib/gcc/arm-none-eabi/10.2.0/thumb/crti.o
                0x0000000008000210                _init
 .init          0x0000000008000214        0x8 /opt/devkitpro/devkitARM/bin/../lib/gcc/arm-none-eabi/10.2.0/thumb/crtn.o

.plt            0x000000000800021c        0x0
 *(.plt)
                0x000000000800021c                . = ALIGN (0x4)

.text           0x0000000008000220    0x16250
 *(EXCLUDE_FILE(*.iwram*) .text*)
 .text.__do_global_dtors_aux
                0x0000000008000220       0x2c /opt/devkitpro/devkitARM/bin/../lib/gcc/arm-none-eabi/10.2.0/thumb/crtbegin.o
 .text.frame_dummy
                0x000000000800024c       0x24 /opt/devkitpro/devkitARM/bin/../lib/gcc/arm-none-eabi/10.2.0/thumb/crtbegin.o
 .text._Z11first_scenev
                0x0000000008000270      0x180 main.o
                0x0000000008000270                first_scene()
 .text.startup.main
                0x00000000080003f0       0x10 main.o
                0x00000000080003f0                main
 .text._ZN2bn13audio_manager4initEPFvvES2_
                0x0000000008000400        0xc bn_audio_manager.o
                0x0000000008000400                bn::audio_manager::init(void (*)(), void (*)())
 .text._ZN2bn13audio_manager7disableEv
                0x000000000800040c        0xc bn_audio_manager.o
                0x000000000800040c                bn::audio_manager::disable()
 .text._ZN2bn13audio_manager22disable_vblank_handlerEv
                0x0000000008000418        0xc bn_audio_manager.o
                0x0000000008000418                bn::audio_manager::disable_vblank_handler()
 .text._ZN3_bn6assert9show_argsIJA15_ciEEEvPKcS4_S4_iDpRKT_
                0x0000000008000424       0x58 bn_audio_manager.o
                0x0000000008000424                void _bn::assert::show_args<char [15], int>(char const*, char const*, char const*, int, char const (&) [15], int const&)
 .text._ZN2bn13audio_manager6commitEv
                0x000000000800047c       0xe0 bn_audio_manager.o
                0x000000000800047c                bn::audio_manager::commit()
 .text._ZN3_bn6assert9show_argsIJA33_cEEEvPKcS4_S4_iDpRKT_
                0x000000000800055c       0x50 bn_audio_manager.o
                0x000000000800055c                void _bn::assert::show_args<char [33]>(char const*, char const*, char const*, int, char const (&) [33])
 .text._ZN3_bn6assert9show_argsIJA25_cEEEvPKcS4_S4_iDpRKT_
                0x00000000080005ac       0x50 bn_audio_manager.o
                0x00000000080005ac                void _bn::assert::show_args<char [25]>(char const*, char const*, char const*, int, char const (&) [25])
 .text._ZN3_bn6assert9show_argsIJA21_cEEEvPKcS4_S4_iDpRKT_
                0x00000000080005fc       0x50 bn_audio_manager.o
                0x00000000080005fc                void _bn::assert::show_args<char [21]>(char const*, char const*, char const*, int, char const (&) [21])
 .text._ZN3_bn6assert9show_argsIJA15_cEEEvPKcS4_S4_iDpRKT_
                0x000000000800064c       0x50 bn_audio_manager.o
                0x000000000800064c                void _bn::assert::show_args<char [15]>(char const*, char const*, char const*, int, char const (&) [15])
 .text._ZN2bn13audio_manager10stop_musicEv
                0x000000000800069c       0x78 bn_audio_manager.o
                0x000000000800069c                bn::audio_manager::stop_music()
 .text._ZN2bn13audio_manager4stopEv
                0x0000000008000714       0x70 bn_audio_manager.o
                0x0000000008000714                bn::audio_manager::stop()
 .text._ZN3_bn6assert9show_argsIJA27_cN2bn7fixed_tILi12EEEEEEvPKcS7_S7_iDpRKT_
                0x0000000008000784      0x120 bn_audio_manager.o
                0x0000000008000784                void _bn::assert::show_args<char [27], bn::fixed_t<12> >(char const*, char const*, char const*, int, char const (&) [27], bn::fixed_t<12> const&)
 .text._ZN3_bn6assert9show_argsIJA25_cN2bn7fixed_tILi12EEEEEEvPKcS7_S7_iDpRKT_
                0x00000000080008a4      0x120 bn_audio_manager.o
                0x00000000080008a4                void _bn::assert::show_args<char [25], bn::fixed_t<12> >(char const*, char const*, char const*, int, char const (&) [25], bn::fixed_t<12> const&)
 .text.startup._GLOBAL__sub_I__ZN2bn5music7playingEv
                0x00000000080009c4       0x24 bn_audio_manager.o
 .text._ZN2bn13ostringstream11append_argsIiJA4_ctEEEvRKT_DpRKT0_.isra.0
                0x00000000080009e8       0x24 bn_bg_blocks_manager.o
 .text._ZN2bn13ostringstream11append_argsIiJA4_ciEEEvRKT_DpRKT0_.isra.0
                0x0000000008000a0c       0x24 bn_bg_blocks_manager.o
 .text._ZN2bn17bg_blocks_manager15decrease_usagesEi.part.0
                0x0000000008000a30       0xc4 bn_bg_blocks_manager.o
 .text._ZNK2bn18regular_bg_map_ptr2idEv
                0x0000000008000af4       0x18 bn_bg_blocks_manager.o
                0x0000000008000af4                bn::regular_bg_map_ptr::id() const
 .text._ZN2bn18regular_bg_map_ptr8_destroyEv
                0x0000000008000b0c       0x2c bn_bg_blocks_manager.o
                0x0000000008000b0c                bn::regular_bg_map_ptr::_destroy()
 .text._ZNK2bn20regular_bg_tiles_ptr3cbbEv
                0x0000000008000b38       0x18 bn_bg_blocks_manager.o
                0x0000000008000b38                bn::regular_bg_tiles_ptr::cbb() const
 .text._ZNK2bn17affine_bg_map_ptr2idEv
                0x0000000008000b50       0x18 bn_bg_blocks_manager.o
                0x0000000008000b50                bn::affine_bg_map_ptr::id() const
 .text._ZN2bn17affine_bg_map_ptr8_destroyEv
                0x0000000008000b68       0x2c bn_bg_blocks_manager.o
                0x0000000008000b68                bn::affine_bg_map_ptr::_destroy()
 .text._ZNK2bn19affine_bg_tiles_ptr3cbbEv
                0x0000000008000b94       0x18 bn_bg_blocks_manager.o
                0x0000000008000b94                bn::affine_bg_tiles_ptr::cbb() const
 .text._ZN2bn17bg_blocks_manager15decrease_usagesEi
                0x0000000008000bac       0x28 bn_bg_blocks_manager.o
                0x0000000008000bac                bn::bg_blocks_manager::decrease_usages(int)
 .text._ZN2bn17bg_blocks_manager11must_commitEi
                0x0000000008000bd4       0x18 bn_bg_blocks_manager.o
                0x0000000008000bd4                bn::bg_blocks_manager::must_commit(int)
 .text._ZN3_bn6assert9show_argsIJA27_ciEEEvPKcS4_S4_iDpRKT_
                0x0000000008000bec       0x58 bn_bg_blocks_manager.o
                0x0000000008000bec                void _bn::assert::show_args<char [27], int>(char const*, char const*, char const*, int, char const (&) [27], int const&)
 .text._ZN3_bn6assert9show_argsIJA16_ciEEEvPKcS4_S4_iDpRKT_
                0x0000000008000c44       0x58 bn_bg_blocks_manager.o
                0x0000000008000c44                void _bn::assert::show_args<char [16], int>(char const*, char const*, char const*, int, char const (&) [16], int const&)
 .text._ZN3_bn6assert9show_argsIJA17_ciEEEvPKcS4_S4_iDpRKT_
                0x0000000008000c9c       0x58 bn_bg_blocks_manager.o
                0x0000000008000c9c                void _bn::assert::show_args<char [17], int>(char const*, char const*, char const*, int, char const (&) [17], int const&)
 .text._ZNK2bn17affine_bg_map_ptr10dimensionsEv
                0x0000000008000cf4       0x1c bn_bg_blocks_manager.o
                0x0000000008000cf4                bn::affine_bg_map_ptr::dimensions() const
 .text._ZNK2bn18regular_bg_map_ptr10dimensionsEv
                0x0000000008000d10       0x1c bn_bg_blocks_manager.o
                0x0000000008000d10                bn::regular_bg_map_ptr::dimensions() const
 .text._ZN3_bn6assert9show_argsIJA26_cEEEvPKcS4_S4_iDpRKT_
                0x0000000008000d2c       0x50 bn_bg_blocks_manager.o
                0x0000000008000d2c                void _bn::assert::show_args<char [26]>(char const*, char const*, char const*, int, char const (&) [26])
 .text._ZN3_bn6assert9show_argsIJA22_ciA4_ciEEEvPKcS5_S5_iDpRKT_
                0x0000000008000d7c       0x5c bn_bg_blocks_manager.o
                0x0000000008000d7c                void _bn::assert::show_args<char [22], int, char [4], int>(char const*, char const*, char const*, int, char const (&) [22], int const&, char const (&) [4], int const&)
 .text._ZN3_bn6assert9show_argsIJA22_cEEEvPKcS4_S4_iDpRKT_
                0x0000000008000dd8       0x50 bn_bg_blocks_manager.o
                0x0000000008000dd8                void _bn::assert::show_args<char [22]>(char const*, char const*, char const*, int, char const (&) [22])
 .text._ZN2bn8optionalINS_14bg_palette_ptrEEdeEv
                0x0000000008000e28       0x34 bn_bg_blocks_manager.o
                0x0000000008000e28                bn::optional<bn::bg_palette_ptr>::operator*()
 .text._ZN2bn8optionalINS_14bg_palette_ptrEEptEv
                0x0000000008000e5c       0x34 bn_bg_blocks_manager.o
                0x0000000008000e5c                bn::optional<bn::bg_palette_ptr>::operator->()
 .text._ZNK2bn18regular_bg_map_ptr5tilesEv
                0x0000000008000e90       0x4c bn_bg_blocks_manager.o
                0x0000000008000e90                bn::regular_bg_map_ptr::tiles() const
 .text._ZNK2bn17affine_bg_map_ptr5tilesEv
                0x0000000008000edc       0x4c bn_bg_blocks_manager.o
                0x0000000008000edc                bn::affine_bg_map_ptr::tiles() const
 .text._ZNK2bn18regular_bg_map_ptr3bppEv
                0x0000000008000f28       0x50 bn_bg_blocks_manager.o
                0x0000000008000f28                bn::regular_bg_map_ptr::bpp() const
 .text._ZN2bn17bg_blocks_manager21update_affine_map_rowEiii
                0x0000000008000f78       0xfc bn_bg_blocks_manager.o
                0x0000000008000f78                bn::bg_blocks_manager::update_affine_map_row(int, int, int)
 .text._ZN2bn17bg_blocks_manager23set_affine_map_positionEiii
                0x0000000008001074      0x180 bn_bg_blocks_manager.o
                0x0000000008001074                bn::bg_blocks_manager::set_affine_map_position(int, int, int)
 .text._ZN2bn17bg_blocks_manager21update_affine_map_colEiii
                0x00000000080011f4      0x238 bn_bg_blocks_manager.o
                0x00000000080011f4                bn::bg_blocks_manager::update_affine_map_col(int, int, int)
 .text._ZN2bn17bg_blocks_manager10log_statusEv
                0x000000000800142c      0x3d0 bn_bg_blocks_manager.o
                0x000000000800142c                bn::bg_blocks_manager::log_status()
 .text._ZN2bn17bg_blocks_manager22update_regular_map_rowEiii
                0x00000000080017fc      0x24c bn_bg_blocks_manager.o
                0x00000000080017fc                bn::bg_blocks_manager::update_regular_map_row(int, int, int)
 .text._ZN2bn17bg_blocks_manager22update_regular_map_colEiii
                0x0000000008001a48      0x2c0 bn_bg_blocks_manager.o
                0x0000000008001a48                bn::bg_blocks_manager::update_regular_map_col(int, int, int)
 .text._ZN2bn17bg_blocks_manager24set_regular_map_positionEiii
                0x0000000008001d08      0x3a4 bn_bg_blocks_manager.o
                0x0000000008001d08                bn::bg_blocks_manager::set_regular_map_position(int, int, int)
 .text._ZN2bn17bg_blocks_manager12_GLOBAL__N_112_commit_itemERKNS1_9item_typeE
                0x00000000080020ac      0x2d8 bn_bg_blocks_manager.o
 .text._ZN2bn17bg_blocks_manager6commitEv
                0x0000000008002384       0x60 bn_bg_blocks_manager.o
                0x0000000008002384                bn::bg_blocks_manager::commit()
 .text._ZN3_bn6assert9show_argsIJA58_ciA4_ciEEEvPKcS5_S5_iDpRKT_
                0x00000000080023e4       0x5c bn_bg_blocks_manager.o
                0x00000000080023e4                void _bn::assert::show_args<char [58], int, char [4], int>(char const*, char const*, char const*, int, char const (&) [58], int const&, char const (&) [4], int const&)
 .text._ZN3_bn6assert9show_argsIJA22_ciEEEvPKcS4_S4_iDpRKT_
                0x0000000008002440       0x58 bn_bg_blocks_manager.o
                0x0000000008002440                void _bn::assert::show_args<char [22], int>(char const*, char const*, char const*, int, char const (&) [22], int const&)
 .text._ZN3_bn6assert9show_argsIJA44_cPKtA4_cS4_EEEvPKcS7_S7_iDpRKT_
                0x0000000008002498       0x6c bn_bg_blocks_manager.o
                0x0000000008002498                void _bn::assert::show_args<char [44], unsigned short const*, char [4], unsigned short const*>(char const*, char const*, char const*, int, char const (&) [44], unsigned short const* const&, char const (&) [4], unsigned short const* const&)
 .text._ZN3_bn6assert9show_argsIJA46_ciA4_ciEEEvPKcS5_S5_iDpRKT_
                0x0000000008002504       0x5c bn_bg_blocks_manager.o
                0x0000000008002504                void _bn::assert::show_args<char [46], int, char [4], int>(char const*, char const*, char const*, int, char const (&) [46], int const&, char const (&) [4], int const&)
 .text._ZN3_bn6assert9show_argsIJA37_cbA4_cbEEEvPKcS5_S5_iDpRKT_
                0x0000000008002560       0x84 bn_bg_blocks_manager.o
                0x0000000008002560                void _bn::assert::show_args<char [37], bool, char [4], bool>(char const*, char const*, char const*, int, char const (&) [37], bool const&, char const (&) [4], bool const&)
 .text._ZN3_bn6assert9show_argsIJA19_cEEEvPKcS4_S4_iDpRKT_
                0x00000000080025e4       0x50 bn_bg_blocks_manager.o
                0x00000000080025e4                void _bn::assert::show_args<char [19]>(char const*, char const*, char const*, int, char const (&) [19])
 .text._ZN2bn17bg_blocks_manager12_GLOBAL__N_116_find_tiles_implEPKtNS_16compression_typeEib
                0x0000000008002634      0x1f4 bn_bg_blocks_manager.o
 .text._ZN3_bn6assert9show_argsIJA34_ciA4_ctEEEvPKcS5_S5_iDpRKT_
                0x0000000008002828       0x5c bn_bg_blocks_manager.o
                0x0000000008002828                void _bn::assert::show_args<char [34], int, char [4], unsigned short>(char const*, char const*, char const*, int, char const (&) [34], int const&, char const (&) [4], unsigned short const&)
 .text._ZN3_bn6assert9show_argsIJA36_ciA4_ctEEEvPKcS5_S5_iDpRKT_
                0x0000000008002884       0x5c bn_bg_blocks_manager.o
                0x0000000008002884                void _bn::assert::show_args<char [36], int, char [4], unsigned short>(char const*, char const*, char const*, int, char const (&) [36], int const&, char const (&) [4], unsigned short const&)
 .text._ZN3_bn6assert9show_argsIJA54_ciA4_ciEEEvPKcS5_S5_iDpRKT_
                0x00000000080028e0       0x5c bn_bg_blocks_manager.o
                0x00000000080028e0                void _bn::assert::show_args<char [54], int, char [4], int>(char const*, char const*, char const*, int, char const (&) [54], int const&, char const (&) [4], int const&)
 .text._ZN3_bn6assert9show_argsIJA34_ciA4_ciEEEvPKcS5_S5_iDpRKT_
                0x000000000800293c       0x5c bn_bg_blocks_manager.o
                0x000000000800293c                void _bn::assert::show_args<char [34], int, char [4], int>(char const*, char const*, char const*, int, char const (&) [34], int const&, char const (&) [4], int const&)
 .text._ZN3_bn6assert9show_argsIJA38_ciA4_ciEEEvPKcS5_S5_iDpRKT_
                0x0000000008002998       0x5c bn_bg_blocks_manager.o
                0x0000000008002998                void _bn::assert::show_args<char [38], int, char [4], int>(char const*, char const*, char const*, int, char const (&) [38], int const&, char const (&) [4], int const&)
 .text._ZN2bn17bg_blocks_manager12_GLOBAL__N_122_find_regular_map_implERKNS_19regular_bg_map_itemERKNS_20regular_bg_tiles_ptrERKNS_14bg_palette_ptrE
                0x00000000080029f4      0x3a0 bn_bg_blocks_manager.o
 .text._ZN3_bn6assert9show_argsIJA32_cA15_cPKtA16_ciA17_ciA44_cEEEvPKcSA_SA_iDpRKT_
                0x0000000008002d94       0x8c bn_bg_blocks_manager.o
                0x0000000008002d94                void _bn::assert::show_args<char [32], char [15], unsigned short const*, char [16], int, char [17], int, char [44]>(char const*, char const*, char const*, int, char const (&) [32], char const (&) [15], unsigned short const* const&, char const (&) [16], int const&, char const (&) [17], int const&, char const (&) [44])
 .text._ZN3_bn6assert9show_argsIJA46_cEEEvPKcS4_S4_iDpRKT_
                0x0000000008002e20       0x50 bn_bg_blocks_manager.o
                0x0000000008002e20                void _bn::assert::show_args<char [46]>(char const*, char const*, char const*, int, char const (&) [46])
 .text._ZN3_bn6assert9show_argsIJA30_cA13_cPKtA14_ciA15_ciA17_ciA44_cEEEvPKcSB_SB_iDpRKT_
                0x0000000008002e70       0xa0 bn_bg_blocks_manager.o
                0x0000000008002e70                void _bn::assert::show_args<char [30], char [13], unsigned short const*, char [14], int, char [15], int, char [17], int, char [44]>(char const*, char const*, char const*, int, char const (&) [30], char const (&) [13], unsigned short const* const&, char const (&) [14], int const&, char const (&) [15], int const&, char const (&) [17], int const&, char const (&) [44])
 .text._ZN3_bn6assert9show_argsIJA20_ciEEEvPKcS4_S4_iDpRKT_
                0x0000000008002f10       0x58 bn_bg_blocks_manager.o
                0x0000000008002f10                void _bn::assert::show_args<char [20], int>(char const*, char const*, char const*, int, char const (&) [20], int const&)
 .text._ZN3_bn6assert9show_argsIJA17_cEEEvPKcS4_S4_iDpRKT_
                0x0000000008002f68       0x50 bn_bg_blocks_manager.o
                0x0000000008002f68                void _bn::assert::show_args<char [17]>(char const*, char const*, char const*, int, char const (&) [17])
 .text._ZN3_bn6assert9show_argsIJA16_ciA4_ciEEEvPKcS5_S5_iDpRKT_
                0x0000000008002fb8       0x5c bn_bg_blocks_manager.o
                0x0000000008002fb8                void _bn::assert::show_args<char [16], int, char [4], int>(char const*, char const*, char const*, int, char const (&) [16], int const&, char const (&) [4], int const&)
 .text._ZN3_bn6assert9show_argsIJA16_cEEEvPKcS4_S4_iDpRKT_
                0x0000000008003014       0x50 bn_bg_blocks_manager.o
                0x0000000008003014                void _bn::assert::show_args<char [16]>(char const*, char const*, char const*, int, char const (&) [16])
 .text._ZN2bn17bg_blocks_manager12_GLOBAL__N_110items_list12insert_afterEiRKNS1_9item_typeE.constprop.0
                0x0000000008003064      0x2b8 bn_bg_blocks_manager.o
 .text._ZN2bn17bg_blocks_manager4initEv
                0x000000000800331c      0x178 bn_bg_blocks_manager.o
                0x000000000800331c                bn::bg_blocks_manager::init()
 .text._ZN2bn13ostringstream11append_argsIA4_cJiEEEvRKT_DpRKT0_
                0x0000000008003494       0x18 bn_bg_blocks_manager.o
                0x0000000008003494                void bn::ostringstream::append_args<char [4], int>(char const (&) [4], int const&)
 .text._ZN3_bn6assert9show_argsIJA39_cPKN2bn4tileEA4_ciEEEvPKcS9_S9_iDpRKT_
                0x00000000080034ac       0x64 bn_bg_blocks_manager.o
                0x00000000080034ac                void _bn::assert::show_args<char [39], bn::tile const*, char [4], int>(char const*, char const*, char const*, int, char const (&) [39], bn::tile const* const&, char const (&) [4], int const&)
 .text._ZN3_bn6assert9show_argsIJA25_ciEEEvPKcS4_S4_iDpRKT_
                0x0000000008003510       0x58 bn_bg_blocks_manager.o
                0x0000000008003510                void _bn::assert::show_args<char [25], int>(char const*, char const*, char const*, int, char const (&) [25], int const&)
 .text._ZN2bn14iunordered_mapIPKviNS_4hashIS2_EENS_8equal_toIS2_EEE5eraseERKNS7_14const_iteratorE.isra.0
                0x0000000008003568      0x130 bn_bg_blocks_manager.o
 .text._ZN2bn17bg_blocks_manager12_GLOBAL__N_121_remove_adjacent_itemEiRNS1_9item_typeE
                0x0000000008003698       0xe8 bn_bg_blocks_manager.o
 .text._ZN2bn17bg_blocks_manager6updateEv.part.0
                0x0000000008003780      0x1e8 bn_bg_blocks_manager.o
 .text._ZN2bn17bg_blocks_manager6updateEv
                0x0000000008003968       0x1c bn_bg_blocks_manager.o
                0x0000000008003968                bn::bg_blocks_manager::update()
 .text._ZN2bn17bg_blocks_manager12_GLOBAL__N_112_create_itemEiibONS1_11create_dataE
                0x0000000008003984      0x54c bn_bg_blocks_manager.o
 .text._ZN2bn17bg_blocks_manager12_GLOBAL__N_112_create_implILNS1_11create_typeE2EEEiONS1_11create_dataE
                0x0000000008003ed0      0x100 bn_bg_blocks_manager.o
 .text._ZN2bn17bg_blocks_manager18create_regular_mapERKNS_19regular_bg_map_itemEONS_20regular_bg_tiles_ptrEONS_14bg_palette_ptrEb
                0x0000000008003fd0      0x2c8 bn_bg_blocks_manager.o
                0x0000000008003fd0                bn::bg_blocks_manager::create_regular_map(bn::regular_bg_map_item const&, bn::regular_bg_tiles_ptr&&, bn::bg_palette_ptr&&, bool)
 .text._ZN2bn17bg_blocks_manager12_GLOBAL__N_112_create_implILNS1_11create_typeE0EEEiONS1_11create_dataE.constprop.0
                0x0000000008004298      0x19c bn_bg_blocks_manager.o
 .text._ZN2bn17bg_blocks_manager20create_regular_tilesERKNS_21regular_bg_tiles_itemEb
                0x0000000008004434      0x14c bn_bg_blocks_manager.o
                0x0000000008004434                bn::bg_blocks_manager::create_regular_tiles(bn::regular_bg_tiles_item const&, bool)
 .text._ZN2bn18regular_bg_map_ptr6createERKNS_15regular_bg_itemE
                0x0000000008004580       0x70 bn_bg_blocks_manager.o
                0x0000000008004580                bn::regular_bg_map_ptr::create(bn::regular_bg_item const&)
 .text.startup._GLOBAL__sub_I__ZN2bn7bg_maps16used_cells_countEv
                0x00000000080045f0       0x88 bn_bg_blocks_manager.o
 .text.exit._GLOBAL__sub_D__ZN2bn7bg_maps16used_cells_countEv
                0x0000000008004678       0x80 bn_bg_blocks_manager.o
 .text._ZN2bn11bgs_manager12_GLOBAL__N_129_check_unique_regular_big_mapERNS1_9item_typeE.part.0
                0x00000000080046f8       0x54 bn_bgs_manager.o
 .text._ZN2bn13ostringstream11append_argsIiJA4_ciEEEvRKT_DpRKT0_.isra.0
                0x000000000800474c       0x24 bn_bgs_manager.o
 .text._ZN2bn11bgs_manager5hw_idEPv
                0x0000000008004770       0x24 bn_bgs_manager.o
                0x0000000008004770                bn::bgs_manager::hw_id(void*)
 .text._ZN2bn11bgs_manager11hw_positionEPv
                0x0000000008004794        0x4 bn_bgs_manager.o
                0x0000000008004794                bn::bgs_manager::hw_position(void*)
 .text._ZN2bn11bgs_manager14mat_attributesEPv
                0x0000000008004798        0x4 bn_bgs_manager.o
                0x0000000008004798                bn::bgs_manager::mat_attributes(void*)
 .text._ZN2bn11bgs_manager36fill_hblank_effect_regular_positionsEiPKNS_7fixed_tILi12EEEPt
                0x000000000800479c       0x38 bn_bgs_manager.o
                0x000000000800479c                bn::bgs_manager::fill_hblank_effect_regular_positions(int, bn::fixed_t<12> const*, unsigned short*)
 .text._ZN2bn11bgs_manager45fill_hblank_effect_pivot_horizontal_positionsEPvPKNS_7fixed_tILi12EEEPj
                0x00000000080047d4       0x28 bn_bgs_manager.o
                0x00000000080047d4                bn::bgs_manager::fill_hblank_effect_pivot_horizontal_positions(void*, bn::fixed_t<12> const*, unsigned int*)
 .text._ZN2bn11bgs_manager43fill_hblank_effect_pivot_vertical_positionsEPvPKNS_7fixed_tILi12EEEPj
                0x00000000080047fc       0x28 bn_bgs_manager.o
                0x00000000080047fc                bn::bgs_manager::fill_hblank_effect_pivot_vertical_positions(void*, bn::fixed_t<12> const*, unsigned int*)
 .text._ZN2bn11bgs_manager6commitEv
                0x0000000008004824       0xf8 bn_bgs_manager.o
                0x0000000008004824                bn::bgs_manager::commit()
 .text._ZN2bn11bgs_manager4stopEv
                0x000000000800491c       0x28 bn_bgs_manager.o
                0x000000000800491c                bn::bgs_manager::stop()
 .text._ZN3_bn6assert9show_argsIJA18_ciEEEvPKcS4_S4_iDpRKT_
                0x0000000008004944       0x58 bn_bgs_manager.o
                0x0000000008004944                void _bn::assert::show_args<char [18], int>(char const*, char const*, char const*, int, char const (&) [18], int const&)
 .text._ZN3_bn6assert9show_argsIJA23_cEEEvPKcS4_S4_iDpRKT_
                0x000000000800499c       0x50 bn_bgs_manager.o
                0x000000000800499c                void _bn::assert::show_args<char [23]>(char const*, char const*, char const*, int, char const (&) [23])
 .text._ZN2bn11bgs_manager15commit_big_mapsEv
                0x00000000080049ec      0x300 bn_bgs_manager.o
                0x00000000080049ec                bn::bgs_manager::commit_big_maps()
 .text._ZN2bn11bgs_manager10affine_mapEPv
                0x0000000008004cec       0x34 bn_bgs_manager.o
                0x0000000008004cec                bn::bgs_manager::affine_map(void*)
 .text._ZN2bn11bgs_manager11regular_mapEPv
                0x0000000008004d20       0x34 bn_bgs_manager.o
                0x0000000008004d20                bn::bgs_manager::regular_map(void*)
 .text._ZN3_bn6assert9show_argsIJA30_cEEEvPKcS4_S4_iDpRKT_
                0x0000000008004d54       0x50 bn_bgs_manager.o
                0x0000000008004d54                void _bn::assert::show_args<char [30]>(char const*, char const*, char const*, int, char const (&) [30])
 .text._ZN2bn18regular_bg_builder11release_mapEv
                0x0000000008004da4       0x50 bn_bgs_manager.o
                0x0000000008004da4                bn::regular_bg_builder::release_map()
 .text._ZN2bn11bgs_manager6updateEv
                0x0000000008004df4      0x164 bn_bgs_manager.o
                0x0000000008004df4                bn::bgs_manager::update()
 .text._ZN3_bn6assert9show_argsIJA60_ciA4_ciEEEvPKcS5_S5_iDpRKT_
                0x0000000008004f58       0x5c bn_bgs_manager.o
                0x0000000008004f58                void _bn::assert::show_args<char [60], int, char [4], int>(char const*, char const*, char const*, int, char const (&) [60], int const&, char const (&) [4], int const&)
 .text._ZN2bn11bgs_manager12_GLOBAL__N_19item_type26update_regular_hw_positionEv
                0x0000000008004fb4       0xe4 bn_bgs_manager.o
 .text._ZN2bn11bgs_manager12_GLOBAL__N_19item_type18update_regular_mapEv
                0x0000000008005098      0x1bc bn_bgs_manager.o
 .text._ZN3_bn6assert9show_argsIJA59_ciA4_ciEEEvPKcS5_S5_iDpRKT_
                0x0000000008005254       0x5c bn_bgs_manager.o
                0x0000000008005254                void _bn::assert::show_args<char [59], int, char [4], int>(char const*, char const*, char const*, int, char const (&) [59], int const&, char const (&) [4], int const&)
 .text._ZN3_bn6assert9show_argsIJA57_ciA4_ciEEEvPKcS5_S5_iDpRKT_
                0x00000000080052b0       0x5c bn_bgs_manager.o
                0x00000000080052b0                void _bn::assert::show_args<char [57], int, char [4], int>(char const*, char const*, char const*, int, char const (&) [57], int const&, char const (&) [4], int const&)
 .text._ZN2bn11bgs_manager14update_camerasEv
                0x000000000800530c      0x218 bn_bgs_manager.o
                0x000000000800530c                bn::bgs_manager::update_cameras()
 .text._ZN3_bn6assert9show_argsIJA24_cEEEvPKcS4_S4_iDpRKT_
                0x0000000008005524       0x50 bn_bgs_manager.o
                0x0000000008005524                void _bn::assert::show_args<char [24]>(char const*, char const*, char const*, int, char const (&) [24])
 .text._ZN2bn11bgs_manager37fill_hblank_effect_regular_attributesEPvPKNS_21regular_bg_attributesEPt
                0x0000000008005574      0x120 bn_bgs_manager.o
                0x0000000008005574                bn::bgs_manager::fill_hblank_effect_regular_attributes(void*, bn::regular_bg_attributes const*, unsigned short*)
 .text._ZN2bn11bgs_manager36fill_hblank_effect_affine_attributesEPvPKNS_20affine_bg_attributesEPt
                0x0000000008005694      0x120 bn_bgs_manager.o
                0x0000000008005694                bn::bgs_manager::fill_hblank_effect_affine_attributes(void*, bn::affine_bg_attributes const*, unsigned short*)
 .text._ZN3_bn6assert9show_argsIJA18_cEEEvPKcS4_S4_iDpRKT_
                0x00000000080057b4       0x50 bn_bgs_manager.o
                0x00000000080057b4                void _bn::assert::show_args<char [18]>(char const*, char const*, char const*, int, char const (&) [18])
 .text._ZN2bn11bgs_manager12_GLOBAL__N_112_insert_itemERNS1_9item_typeE
                0x0000000008005804       0xf4 bn_bgs_manager.o
 .text._ZN3_bn6assert9show_argsIJA13_cEEEvPKcS4_S4_iDpRKT_
                0x00000000080058f8       0x50 bn_bgs_manager.o
                0x00000000080058f8                void _bn::assert::show_args<char [13]>(char const*, char const*, char const*, int, char const (&) [13])
 .text._ZN2bn11bgs_manager6createEONS_18regular_bg_builderE.part.0
                0x0000000008005948      0x1dc bn_bgs_manager.o
 .text._ZNK2bn15regular_bg_item9create_bgENS_7fixed_tILi12EEES2_
                0x0000000008005b24       0xbc bn_bgs_manager.o
                0x0000000008005b24                bn::regular_bg_item::create_bg(bn::fixed_t<12>, bn::fixed_t<12>) const
 .text._ZN3_bn6assert9show_argsIJA14_cEEEvPKcS4_S4_iDpRKT_
                0x0000000008005be0       0x50 bn_bgs_manager.o
                0x0000000008005be0                void _bn::assert::show_args<char [14]>(char const*, char const*, char const*, int, char const (&) [14])
 .text._ZN3_bn6assert9show_argsIJA23_ciA4_ciEEEvPKcS5_S5_iDpRKT_
                0x0000000008005c30       0x5c bn_bgs_manager.o
                0x0000000008005c30                void _bn::assert::show_args<char [23], int, char [4], int>(char const*, char const*, char const*, int, char const (&) [23], int const&, char const (&) [4], int const&)
 .text._ZN2bn5eraseERNS_7ivectorIPNS_11bgs_manager12_GLOBAL__N_19item_typeEEERKS4_.constprop.0.isra.0
                0x0000000008005c8c      0x144 bn_bgs_manager.o
 .text._ZN2bn11bgs_manager15decrease_usagesEPv
                0x0000000008005dd0      0x130 bn_bgs_manager.o
                0x0000000008005dd0                bn::bgs_manager::decrease_usages(void*)
 .text._ZN2bn14regular_bg_ptr8_destroyEv
                0x0000000008005f00       0x10 bn_bgs_manager.o
                0x0000000008005f00                bn::regular_bg_ptr::_destroy()
 .text.startup._GLOBAL__sub_I__ZN2bn3bgs16used_items_countEv
                0x0000000008005f10       0x64 bn_bgs_manager.o
 .text.exit._GLOBAL__sub_D__ZN2bn3bgs16used_items_countEv
                0x0000000008005f74       0x38 bn_bgs_manager.o
 .text._ZNK2bn10camera_ptr8positionEv
                0x0000000008005fac       0x14 bn_cameras_manager.o
                0x0000000008005fac                bn::camera_ptr::position() const
 .text._ZN2bn15cameras_manager6updateEv
                0x0000000008005fc0       0x28 bn_cameras_manager.o
                0x0000000008005fc0                bn::cameras_manager::update()
 .text._ZN3_bn6assert9show_argsIJA31_cEEEvPKcS4_S4_iDpRKT_
                0x0000000008005fe8       0x50 bn_cameras_manager.o
                0x0000000008005fe8                void _bn::assert::show_args<char [31]>(char const*, char const*, char const*, int, char const (&) [31])
 .text._ZN2bn15cameras_manager4initEv
                0x0000000008006038       0x50 bn_cameras_manager.o
                0x0000000008006038                bn::cameras_manager::init()
 .text._ZN2bn10camera_ptr8_destroyEv
                0x0000000008006088       0x5c bn_cameras_manager.o
                0x0000000008006088                bn::camera_ptr::_destroy()
 .text.startup._GLOBAL__sub_I__ZN2bn7cameras16used_items_countEv
                0x00000000080060e4       0x2c bn_cameras_manager.o
 .text._ZN2bn4core12_GLOBAL__N_118hp_vblank_functionEv
                0x0000000008006110       0x24 bn_core.o
 .text._ZN2bn4core12_GLOBAL__N_111update_implEv
                0x0000000008006134       0x80 bn_core.o
 .text._ZN2bn4core12_GLOBAL__N_14stopEb
                0x00000000080061b4       0x48 bn_core.o
 .text._ZN2bn11string_viewC2EPKc
                0x00000000080061fc       0x1c bn_core.o
                0x00000000080061fc                bn::string_view::string_view(char const*)
                0x00000000080061fc                bn::string_view::string_view(char const*)
 .text._ZN2bn4core6updateEv
                0x0000000008006218       0x78 bn_core.o
                0x0000000008006218                bn::core::update()
 .text._ZN2bn4core4initERKNS_11string_viewE
                0x0000000008006290       0xc0 bn_core.o
                0x0000000008006290                bn::core::init(bn::string_view const&)
 .text._ZN2bn4core4initEv
                0x0000000008006350       0x18 bn_core.o
                0x0000000008006350                bn::core::init()
 .text._ZN3_bn6assert4showEPKcS2_S2_iRKN2bn12istring_baseE
                0x0000000008006368       0x58 bn_core.o
                0x0000000008006368                _bn::assert::show(char const*, char const*, char const*, int, bn::istring_base const&)
 .text.startup._GLOBAL__sub_I__ZN2bn4core4initEv
                0x00000000080063c0       0x24 bn_core.o
 .text._ZN2bn15display_manager8set_modeEi
                0x00000000080063e4       0x1c bn_display_manager.o
                0x00000000080063e4                bn::display_manager::set_mode(int)
 .text._ZN2bn15display_manager14set_bg_enabledEib
                0x0000000008006400       0x1c bn_display_manager.o
                0x0000000008006400                bn::display_manager::set_bg_enabled(int, bool)
 .text._ZN2bn15display_manager36fill_mosaic_hblank_effect_attributesEPKNS_17mosaic_attributesEPt
                0x000000000800641c       0xac bn_display_manager.o
                0x000000000800641c                bn::display_manager::fill_mosaic_hblank_effect_attributes(bn::mosaic_attributes const*, unsigned short*)
 .text._ZN2bn15display_manager23set_blending_bg_enabledEib
                0x00000000080064c8       0x14 bn_display_manager.o
                0x00000000080064c8                bn::display_manager::set_blending_bg_enabled(int, bool)
 .text._ZN2bn15display_manager27blending_transparency_alphaEv
                0x00000000080064dc        0xc bn_display_manager.o
                0x00000000080064dc                bn::display_manager::blending_transparency_alpha()
 .text._ZN2bn15display_manager24blending_intensity_alphaEv
                0x00000000080064e8        0xc bn_display_manager.o
                0x00000000080064e8                bn::display_manager::blending_intensity_alpha()
 .text._ZN2bn15display_manager51fill_blending_transparency_hblank_effect_attributesEPKNS_32blending_transparency_attributesEPt
                0x00000000080064f4       0x44 bn_display_manager.o
                0x00000000080064f4                bn::display_manager::fill_blending_transparency_hblank_effect_attributes(bn::blending_transparency_attributes const*, unsigned short*)
 .text._ZN2bn15display_manager21blending_fade_enabledEv
                0x0000000008006538       0x10 bn_display_manager.o
                0x0000000008006538                bn::display_manager::blending_fade_enabled()
 .text._ZN2bn15display_manager39fill_blending_fade_hblank_effect_alphasEPKNS_19blending_fade_alphaEPt
                0x0000000008006548       0x24 bn_display_manager.o
                0x0000000008006548                bn::display_manager::fill_blending_fade_hblank_effect_alphas(bn::blending_fade_alpha const*, unsigned short*)
 .text._ZN2bn15display_manager26update_windows_visible_bgsEv
                0x000000000800656c       0x10 bn_display_manager.o
                0x000000000800656c                bn::display_manager::update_windows_visible_bgs()
 .text._ZN2bn15display_manager36rect_window_hw_horizontal_boundariesEi
                0x000000000800657c       0x18 bn_display_manager.o
                0x000000000800657c                bn::display_manager::rect_window_hw_horizontal_boundaries(int)
 .text._ZN2bn15display_manager34rect_window_hw_vertical_boundariesEi
                0x0000000008006594       0x18 bn_display_manager.o
                0x0000000008006594                bn::display_manager::rect_window_hw_vertical_boundaries(int)
 .text._ZN2bn15display_manager52fill_rect_window_hblank_effect_horizontal_boundariesERKNS_4pairIiiEEPKNS1_INS_7fixed_tILi12EEES6_EEPt
                0x00000000080065ac      0x13c bn_display_manager.o
                0x00000000080065ac                bn::display_manager::fill_rect_window_hblank_effect_horizontal_boundaries(bn::pair<int, int> const&, bn::pair<bn::fixed_t<12>, bn::fixed_t<12> > const*, unsigned short*)
 .text._ZN2bn15display_manager50fill_rect_window_hblank_effect_vertical_boundariesERKNS_4pairIiiEEPKNS1_INS_7fixed_tILi12EEES6_EEPt
                0x00000000080066e8      0x13c bn_display_manager.o
                0x00000000080066e8                bn::display_manager::fill_rect_window_hblank_effect_vertical_boundaries(bn::pair<int, int> const&, bn::pair<bn::fixed_t<12>, bn::fixed_t<12> > const*, unsigned short*)
 .text._ZN2bn15display_manager36fill_green_swap_hblank_effect_statesEPKbPt
                0x0000000008006824       0x38 bn_display_manager.o
                0x0000000008006824                bn::display_manager::fill_green_swap_hblank_effect_states(bool const*, unsigned short*)
 .text._ZN2bn15display_manager6commitEv
                0x000000000800685c      0x2b0 bn_display_manager.o
                0x000000000800685c                bn::display_manager::commit()
 .text._ZN2bn15display_manager4stopEv
                0x0000000008006b0c       0x2c bn_display_manager.o
                0x0000000008006b0c                bn::display_manager::stop()
 .text._ZN2bn15display_manager12_GLOBAL__N_134_update_rect_windows_hw_boundariesEi
                0x0000000008006b38       0x8c bn_display_manager.o
 .text._ZN2bn15display_manager4initEv
                0x0000000008006bc4       0x48 bn_display_manager.o
                0x0000000008006bc4                bn::display_manager::init()
 .text._ZN2bn15display_manager14update_camerasEv
                0x0000000008006c0c       0x40 bn_display_manager.o
                0x0000000008006c0c                bn::display_manager::update_cameras()
 .text._ZN2bn15display_manager6updateEv
                0x0000000008006c4c      0x114 bn_display_manager.o
                0x0000000008006c4c                bn::display_manager::update()
 .text._ZN2bn15display_manager21set_show_bg_in_windowEiPvb
                0x0000000008006d60      0x17c bn_display_manager.o
                0x0000000008006d60                bn::display_manager::set_show_bg_in_window(int, void*, bool)
 .text._ZN2bn15display_manager26set_show_bg_in_all_windowsEPvb
                0x0000000008006edc       0x20 bn_display_manager.o
                0x0000000008006edc                bn::display_manager::set_show_bg_in_all_windows(void*, bool)
 .text.startup._GLOBAL__sub_I__ZNK2bn6window7show_bgERKNS_14regular_bg_ptrE
                0x0000000008006efc       0x8c bn_display_manager.o
 .text.exit._GLOBAL__sub_D__ZNK2bn6window7show_bgERKNS_14regular_bg_ptrE
                0x0000000008006f88       0x48 bn_display_manager.o
 .text._ZN2bn12gpio_manager4initEv
                0x0000000008006fd0       0x10 bn_gpio_manager.o
                0x0000000008006fd0                bn::gpio_manager::init()
 .text._ZN2bn12gpio_manager6commitEv
                0x0000000008006fe0       0x30 bn_gpio_manager.o
                0x0000000008006fe0                bn::gpio_manager::commit()
 .text._ZN2bn12gpio_manager4stopEv
                0x0000000008007010       0x1c bn_gpio_manager.o
                0x0000000008007010                bn::gpio_manager::stop()
 .text._ZN2bn7type_idINS_4pairIiiEEEENS_9type_id_tEv
                0x000000000800702c        0x8 bn_hblank_effects_manager.o
                0x000000000800702c                bn::type_id_t bn::type_id<bn::pair<int, int> >()
 .text._ZN2bn7type_idINS_33regular_bg_attributes_hbe_handler15last_value_typeEEENS_9type_id_tEv
                0x0000000008007034        0x8 bn_hblank_effects_manager.o
                0x0000000008007034                bn::type_id_t bn::type_id<bn::regular_bg_attributes_hbe_handler::last_value_type>()
 .text._ZN2bn7type_idINS_32affine_bg_attributes_hbe_handler15last_value_typeEEENS_9type_id_tEv
                0x000000000800703c        0x8 bn_hblank_effects_manager.o
                0x000000000800703c                bn::type_id_t bn::type_id<bn::affine_bg_attributes_hbe_handler::last_value_type>()
 .text._ZN2bn7type_idIiEENS_9type_id_tEv
                0x0000000008007044        0x8 bn_hblank_effects_manager.o
                0x0000000008007044                bn::type_id_t bn::type_id<int>()
 .text._ZN2bn7type_idINS_47affine_bg_pivot_horizontal_position_hbe_handler15last_value_typeEEENS_9type_id_tEv
                0x000000000800704c        0x8 bn_hblank_effects_manager.o
                0x000000000800704c                bn::type_id_t bn::type_id<bn::affine_bg_pivot_horizontal_position_hbe_handler::last_value_type>()
 .text._ZN2bn7type_idINS_45affine_bg_pivot_vertical_position_hbe_handler15last_value_typeEEENS_9type_id_tEv
                0x0000000008007054        0x8 bn_hblank_effects_manager.o
                0x0000000008007054                bn::type_id_t bn::type_id<bn::affine_bg_pivot_vertical_position_hbe_handler::last_value_type>()
 .text._ZN2bn7type_idINS_35sprite_first_attributes_hbe_handler15last_value_typeEEENS_9type_id_tEv
                0x000000000800705c        0x8 bn_hblank_effects_manager.o
                0x000000000800705c                bn::type_id_t bn::type_id<bn::sprite_first_attributes_hbe_handler::last_value_type>()
 .text._ZN2bn7type_idINS_35sprite_second_attributes_last_valueEEENS_9type_id_tEv
                0x0000000008007064        0x8 bn_hblank_effects_manager.o
                0x0000000008007064                bn::type_id_t bn::type_id<bn::sprite_second_attributes_last_value>()
 .text._ZN2bn7type_idINS_17sprite_shape_sizeEEENS_9type_id_tEv
                0x000000000800706c        0x8 bn_hblank_effects_manager.o
                0x000000000800706c                bn::type_id_t bn::type_id<bn::sprite_shape_size>()
 .text._ZN2bn4iany5resetEv.part.0
                0x0000000008007074       0x24 bn_hblank_effects_manager.o
 .text._ZN2bn22hblank_effects_manager7disableEv
                0x0000000008007098       0x24 bn_hblank_effects_manager.o
                0x0000000008007098                bn::hblank_effects_manager::disable()
 .text._ZN2bn22hblank_effects_manager6commitEv
                0x00000000080070bc       0x74 bn_hblank_effects_manager.o
                0x00000000080070bc                bn::hblank_effects_manager::commit()
 .text._ZN3_bn6assert9show_argsIJA66_cEEEvPKcS4_S4_iDpRKT_
                0x0000000008007130       0x50 bn_hblank_effects_manager.o
                0x0000000008007130                void _bn::assert::show_args<char [66]>(char const*, char const*, char const*, int, char const (&) [66])
 .text._ZN3_bn6assert9show_argsIJA63_cEEEvPKcS4_S4_iDpRKT_
                0x0000000008007180       0x50 bn_hblank_effects_manager.o
                0x0000000008007180                void _bn::assert::show_args<char [63]>(char const*, char const*, char const*, int, char const (&) [63])
 .text._ZN3_bn6assert9show_argsIJA34_cEEEvPKcS4_S4_iDpRKT_
                0x00000000080071d0       0x50 bn_hblank_effects_manager.o
                0x00000000080071d0                void _bn::assert::show_args<char [34]>(char const*, char const*, char const*, int, char const (&) [34])
 .text._ZN2bn22hblank_effects_manager12_GLOBAL__N_19item_type18_check_update_implINS_32affine_bg_attributes_hbe_handlerEEEbv
                0x0000000008007220      0x1bc bn_hblank_effects_manager.o
 .text._ZN2bn22hblank_effects_manager12_GLOBAL__N_19item_type18_check_update_implINS_33regular_bg_attributes_hbe_handlerEEEbv
                0x00000000080073dc      0x1d8 bn_hblank_effects_manager.o
 .text._ZN2bn22hblank_effects_manager12_GLOBAL__N_19item_type12check_updateEv
                0x00000000080075b4     0x2760 bn_hblank_effects_manager.o
 .text._ZN2bn22hblank_effects_manager6updateEv
                0x0000000008009d14      0x250 bn_hblank_effects_manager.o
                0x0000000008009d14                bn::hblank_effects_manager::update()
 .text._ZN2bn22hblank_effects_manager4initEv
                0x0000000008009f64       0xd0 bn_hblank_effects_manager.o
                0x0000000008009f64                bn::hblank_effects_manager::init()
 .text._ZN3_bn6assert9show_argsIJA39_cPKN2bn5colorEA4_ciEEEvPKcS9_S9_iDpRKT_
                0x000000000800a034       0x64 bn_hblank_effects_manager.o
                0x000000000800a034                void _bn::assert::show_args<char [39], bn::color const*, char [4], int>(char const*, char const*, char const*, int, char const (&) [39], bn::color const* const&, char const (&) [4], int const&)
 .text.startup._GLOBAL__sub_I__ZN2bn4hbes10used_countEv
                0x000000000800a098       0xf8 bn_hblank_effects_manager.o
 .text.exit._GLOBAL__sub_D__ZN2bn4hbes10used_countEv
                0x000000000800a190       0x28 bn_hblank_effects_manager.o
 .text._ZN2bn12hdma_manager7disableEv
                0x000000000800a1b8       0x30 bn_hdma_manager.o
                0x000000000800a1b8                bn::hdma_manager::disable()
 .text._ZN2bn12hdma_manager10force_stopEv
                0x000000000800a1e8       0x3c bn_hdma_manager.o
                0x000000000800a1e8                bn::hdma_manager::force_stop()
 .text._ZN2bn12hdma_manager6updateEv
                0x000000000800a224       0x6c bn_hdma_manager.o
                0x000000000800a224                bn::hdma_manager::update()
 .text._ZN2bn12hdma_manager6commitEv
                0x000000000800a290       0xd0 bn_hdma_manager.o
                0x000000000800a290                bn::hdma_manager::commit()
 .text.startup._GLOBAL__sub_I__ZN2bn4hdma7runningEv
                0x000000000800a360       0x34 bn_hdma_manager.o
 .text._ZN2bn6keypad9a_pressedEv
                0x000000000800a394       0x10 bn_keypad_manager.o
                0x000000000800a394                bn::keypad::a_pressed()
 .text._ZN2bn14keypad_manager4stopEv
                0x000000000800a3a4        0x4 bn_keypad_manager.o
                0x000000000800a3a4                bn::keypad_manager::stop()
 .text._ZN3_bn6assert9show_argsIJA19_ciA4_ciEEEvPKcS5_S5_iDpRKT_
                0x000000000800a3a8       0x6c bn_keypad_manager.o
                0x000000000800a3a8                void _bn::assert::show_args<char [19], int, char [4], int>(char const*, char const*, char const*, int, char const (&) [19], int const&, char const (&) [4], int const&)
 .text._ZN2bn14keypad_manager6updateEv
                0x000000000800a414       0xa8 bn_keypad_manager.o
                0x000000000800a414                bn::keypad_manager::update()
 .text._ZN3_bn6assert9show_argsIJA24_ciEEEvPKcS4_S4_iDpRKT_
                0x000000000800a4bc       0x58 bn_keypad_manager.o
                0x000000000800a4bc                void _bn::assert::show_args<char [24], int>(char const*, char const*, char const*, int, char const (&) [24], int const&)
 .text._ZN2bn14keypad_manager4initERKNS_11string_viewE
                0x000000000800a514       0x58 bn_keypad_manager.o
                0x000000000800a514                bn::keypad_manager::init(bn::string_view const&)
 .text._ZN2bn12link_manager4initEv
                0x000000000800a56c       0xdc bn_link_manager.o
                0x000000000800a56c                bn::link_manager::init()
 .text._ZN2bn12link_manager7disableEv
                0x000000000800a648       0x90 bn_link_manager.o
                0x000000000800a648                bn::link_manager::disable()
 .text._ZN2bn12link_manager6commitEv
                0x000000000800a6d8       0x40 bn_link_manager.o
                0x000000000800a6d8                bn::link_manager::commit()
 .text.startup._GLOBAL__sub_I__ZN2bn4link4sendEi
                0x000000000800a718       0x48 bn_link_manager.o
 .text._ZN2bn3logERKNS_12istring_baseE
                0x000000000800a760        0xc bn_log.o
                0x000000000800a760                bn::log(bn::istring_base const&)
 .text._ZN2bn14memory_manager4initEv
                0x000000000800a76c       0xf4 bn_memory_manager.o
                0x000000000800a76c                bn::memory_manager::init()
 .text.startup._GLOBAL__sub_I__Znwj
                0x000000000800a860       0x54 bn_memory_manager.o
 .text.exit._GLOBAL__sub_D__Znwj
                0x000000000800a8b4       0xa0 bn_memory_manager.o
 .text._ZN2bn2hw8palettes9grayscaleEiiPNS_5colorE
                0x000000000800a954       0x40 bn_palettes_manager.o
                0x000000000800a954                bn::hw::palettes::grayscale(int, int, bn::color*)
 .text._ZN2bn14bg_palette_ptrC2ERKS0_
                0x000000000800a994       0x20 bn_palettes_manager.o
                0x000000000800a994                bn::bg_palette_ptr::bg_palette_ptr(bn::bg_palette_ptr const&)
                0x000000000800a994                bn::bg_palette_ptr::bg_palette_ptr(bn::bg_palette_ptr const&)
 .text._ZNK2bn14bg_palette_ptr3bppEv
                0x000000000800a9b4       0x24 bn_palettes_manager.o
                0x000000000800a9b4                bn::bg_palette_ptr::bpp() const
 .text._ZN2bn18sprite_palette_ptrC2ERKS0_
                0x000000000800a9d8       0x1c bn_palettes_manager.o
                0x000000000800a9d8                bn::sprite_palette_ptr::sprite_palette_ptr(bn::sprite_palette_ptr const&)
                0x000000000800a9d8                bn::sprite_palette_ptr::sprite_palette_ptr(bn::sprite_palette_ptr const&)
 .text._ZNK2bn18sprite_palette_ptr3bppEv
                0x000000000800a9f4       0x1c bn_palettes_manager.o
                0x000000000800a9f4                bn::sprite_palette_ptr::bpp() const
 .text._ZN2bn13palettes_bank11colors_hashERKNS_4spanIKNS_5colorEEE
                0x000000000800aa10       0x2c bn_palettes_manager.o
                0x000000000800aa10                bn::palettes_bank::colors_hash(bn::span<bn::color const> const&)
 .text._ZNK2bn13palettes_bank10log_statusEv
                0x000000000800aa3c      0x148 bn_palettes_manager.o
                0x000000000800aa3c                bn::palettes_bank::log_status() const
 .text._ZNK2bn13palettes_bank20retrieve_commit_dataEv
                0x000000000800ab84       0x60 bn_palettes_manager.o
                0x000000000800ab84                bn::palettes_bank::retrieve_commit_data() const
 .text._ZNK2bn13palettes_bank12_same_colorsERKNS_4spanIKNS_5colorEEEi
                0x000000000800abe4       0x50 bn_palettes_manager.o
                0x000000000800abe4                bn::palettes_bank::_same_colors(bn::span<bn::color const> const&, int) const
 .text._ZN2bn13palettes_bank10find_bpp_4ERKNS_4spanIKNS_5colorEEEt
                0x000000000800ac34       0xe8 bn_palettes_manager.o
                0x000000000800ac34                bn::palettes_bank::find_bpp_4(bn::span<bn::color const> const&, unsigned short)
 .text._ZNK2bn13palettes_bank21_apply_global_effectsEiPNS_5colorE
                0x000000000800ad1c       0xe8 bn_palettes_manager.o
                0x000000000800ad1c                bn::palettes_bank::_apply_global_effects(int, bn::color*) const
 .text._ZNK2bn13palettes_bank25fill_hblank_effect_colorsEPKNS_5colorEPt
                0x000000000800ae04       0x38 bn_palettes_manager.o
                0x000000000800ae04                bn::palettes_bank::fill_hblank_effect_colors(bn::color const*, unsigned short*) const
 .text._ZNK2bn13palettes_bank25fill_hblank_effect_colorsEiPKNS_5colorEPt
                0x000000000800ae3c       0xc0 bn_palettes_manager.o
                0x000000000800ae3c                bn::palettes_bank::fill_hblank_effect_colors(int, bn::color const*, unsigned short*) const
 .text._ZNK2bn13palettes_bank7palette13apply_effectsEiPNS_5colorE
                0x000000000800aefc       0x74 bn_palettes_manager.o
                0x000000000800aefc                bn::palettes_bank::palette::apply_effects(int, bn::color*) const
 .text._ZN2bn13palettes_bank15_update_paletteEi
                0x000000000800af70       0x54 bn_palettes_manager.o
                0x000000000800af70                bn::palettes_bank::_update_palette(int)
 .text._ZN2bn13palettes_bankC2Ev
                0x000000000800afc4       0xa8 bn_palettes_manager.o
                0x000000000800afc4                bn::palettes_bank::palettes_bank()
                0x000000000800afc4                bn::palettes_bank::palettes_bank()
 .text._ZN2bn16palettes_manager20sprite_palettes_bankEv
                0x000000000800b06c        0x8 bn_palettes_manager.o
                0x000000000800b06c                bn::palettes_manager::sprite_palettes_bank()
 .text._ZN2bn16palettes_manager16bg_palettes_bankEv
                0x000000000800b074        0x8 bn_palettes_manager.o
                0x000000000800b074                bn::palettes_manager::bg_palettes_bank()
 .text._ZN2bn16palettes_manager4stopEv
                0x000000000800b07c       0x20 bn_palettes_manager.o
                0x000000000800b07c                bn::palettes_manager::stop()
 .text._ZN3_bn6assert9show_argsIJA43_ciS2_EEEvPKcS4_S4_iDpRKT_
                0x000000000800b09c       0x60 bn_palettes_manager.o
                0x000000000800b09c                void _bn::assert::show_args<char [43], int, char [43]>(char const*, char const*, char const*, int, char const (&) [43], int const&, char const (&) [43])
 .text._ZN2bn13palettes_bank6updateEv
                0x000000000800b0fc      0x10c bn_palettes_manager.o
                0x000000000800b0fc                bn::palettes_bank::update()
 .text._ZN2bn16palettes_manager6updateEv
                0x000000000800b208       0x20 bn_palettes_manager.o
                0x000000000800b208                bn::palettes_manager::update()
 .text._ZN2bn16palettes_manager6commitEv
                0x000000000800b228       0xb8 bn_palettes_manager.o
                0x000000000800b228                bn::palettes_manager::commit()
 .text._ZN2bn13palettes_bank12create_bpp_8ERKNS_4spanIKNS_5colorEEENS_16compression_typeEb
                0x000000000800b2e0      0x1cc bn_palettes_manager.o
                0x000000000800b2e0                bn::palettes_bank::create_bpp_8(bn::span<bn::color const> const&, bn::compression_type, bool)
 .text._ZNK2bn15bg_palette_item10uncompressENS_4spanINS_5colorEEE
                0x000000000800b4ac      0x124 bn_palettes_manager.o
                0x000000000800b4ac                bn::bg_palette_item::uncompress(bn::span<bn::color>) const
 .text._ZNK2bn19sprite_palette_item10uncompressENS_4spanINS_5colorEEE
                0x000000000800b5d0      0x124 bn_palettes_manager.o
                0x000000000800b5d0                bn::sprite_palette_item::uncompress(bn::span<bn::color>) const
 .text._ZN2bn14iunordered_mapItsNS_13palettes_bank15identity_hasherENS_8equal_toItEEE21insert_or_assign_hashEjONS_4pairIKtsEE
                0x000000000800b6f4      0x134 bn_palettes_manager.o
                0x000000000800b6f4                bn::iunordered_map<unsigned short, short, bn::palettes_bank::identity_hasher, bn::equal_to<unsigned short> >::insert_or_assign_hash(unsigned int, bn::pair<unsigned short const, short>&&)
 .text._ZN2bn13palettes_bank12create_bpp_4ERKNS_4spanIKNS_5colorEEEtb
                0x000000000800b828      0x160 bn_palettes_manager.o
                0x000000000800b828                bn::palettes_bank::create_bpp_4(bn::span<bn::color const> const&, unsigned short, bool)
 .text._ZN2bn12_GLOBAL__N_112_create_implERKNS_15bg_palette_itemEb
                0x000000000800b988       0x94 bn_palettes_manager.o
 .text._ZN2bn14bg_palette_ptr6createERKNS_15bg_palette_itemE
                0x000000000800ba1c       0x54 bn_palettes_manager.o
                0x000000000800ba1c                bn::bg_palette_ptr::create(bn::bg_palette_item const&)
 .text._ZNK2bn15bg_palette_item14create_paletteEv
                0x000000000800ba70       0x10 bn_palettes_manager.o
                0x000000000800ba70                bn::bg_palette_item::create_palette() const
 .text._ZN2bn12_GLOBAL__N_112_create_implERKNS_19sprite_palette_itemEb
                0x000000000800ba80       0x7c bn_palettes_manager.o
 .text._ZNK2bn19sprite_palette_item14create_paletteEv
                0x000000000800bafc       0x48 bn_palettes_manager.o
                0x000000000800bafc                bn::sprite_palette_item::create_palette() const
 .text._ZN2bn14iunordered_mapItsNS_13palettes_bank15identity_hasherENS_8equal_toItEEE5eraseERKNS5_14const_iteratorE.isra.0
                0x000000000800bb44      0x128 bn_palettes_manager.o
 .text._ZN2bn13palettes_bank15decrease_usagesEi.part.0
                0x000000000800bc6c       0xcc bn_palettes_manager.o
 .text._ZN2bn18sprite_palette_ptr8_destroyEv
                0x000000000800bd38       0x28 bn_palettes_manager.o
                0x000000000800bd38                bn::sprite_palette_ptr::_destroy()
 .text._ZN2bn14bg_palette_ptr8_destroyEv
                0x000000000800bd60       0x30 bn_palettes_manager.o
                0x000000000800bd60                bn::bg_palette_ptr::_destroy()
 .text._ZN2bn14bg_palette_ptraSERKS0_
                0x000000000800bd90       0x5c bn_palettes_manager.o
                0x000000000800bd90                bn::bg_palette_ptr::operator=(bn::bg_palette_ptr const&)
 .text.startup._GLOBAL__sub_I__ZN2bn11bg_palettes17used_colors_countEv
                0x000000000800bdec       0x20 bn_palettes_manager.o
 .text._ZN2bn26sprite_affine_mats_manager12_GLOBAL__N_17_updateEi
                0x000000000800be0c       0xec bn_sprite_affine_mats_manager.o
 .text._ZNK2bn21sprite_affine_mat_ptr15horizontal_flipEv
                0x000000000800bef8       0x20 bn_sprite_affine_mats_manager.o
                0x000000000800bef8                bn::sprite_affine_mat_ptr::horizontal_flip() const
 .text._ZNK2bn21sprite_affine_mat_ptr13vertical_flipEv
                0x000000000800bf18       0x20 bn_sprite_affine_mats_manager.o
                0x000000000800bf18                bn::sprite_affine_mat_ptr::vertical_flip() const
 .text._ZNK2bn21sprite_affine_mat_ptr16flipped_identityEv
                0x000000000800bf38       0x18 bn_sprite_affine_mats_manager.o
                0x000000000800bf38                bn::sprite_affine_mat_ptr::flipped_identity() const
 .text._ZN2bn26sprite_affine_mats_manager13attach_spriteEiRNS_24intrusive_list_node_typeE
                0x000000000800bf50       0x2c bn_sprite_affine_mats_manager.o
                0x000000000800bf50                bn::sprite_affine_mats_manager::attach_sprite(int, bn::intrusive_list_node_type&)
 .text._ZN2bn26sprite_affine_mats_manager18sprite_double_sizeEiii
                0x000000000800bf7c      0x150 bn_sprite_affine_mats_manager.o
                0x000000000800bf7c                bn::sprite_affine_mats_manager::sprite_double_size(int, int, int)
 .text._ZN2bn26sprite_affine_mats_manager20retrieve_commit_dataEv
                0x000000000800c0cc       0x44 bn_sprite_affine_mats_manager.o
                0x000000000800c0cc                bn::sprite_affine_mats_manager::retrieve_commit_data()
 .text._ZN3_bn6assert9show_argsIJA37_cEEEvPKcS4_S4_iDpRKT_
                0x000000000800c110       0x50 bn_sprite_affine_mats_manager.o
                0x000000000800c110                void _bn::assert::show_args<char [37]>(char const*, char const*, char const*, int, char const (&) [37])
 .text._ZN2bn26sprite_affine_mats_manager12_GLOBAL__N_17_createERKNS_21affine_mat_attributesE
                0x000000000800c160      0x130 bn_sprite_affine_mats_manager.o
 .text._ZN2bn21sprite_affine_mat_ptr6createERKNS_21affine_mat_attributesE
                0x000000000800c290       0x4c bn_sprite_affine_mats_manager.o
                0x000000000800c290                bn::sprite_affine_mat_ptr::create(bn::affine_mat_attributes const&)
 .text._ZN2bn26sprite_affine_mats_manager15decrease_usagesEi.part.0
                0x000000000800c2dc       0x64 bn_sprite_affine_mats_manager.o
 .text._ZN2bn21sprite_affine_mat_ptr8_destroyEv
                0x000000000800c340       0x2c bn_sprite_affine_mats_manager.o
                0x000000000800c340                bn::sprite_affine_mat_ptr::_destroy()
 .text._ZN2bn26sprite_affine_mats_manager6updateEv
                0x000000000800c36c       0xa0 bn_sprite_affine_mats_manager.o
                0x000000000800c36c                bn::sprite_affine_mats_manager::update()
 .text._ZN2bn26sprite_affine_mats_manager4initEPv
                0x000000000800c40c       0x64 bn_sprite_affine_mats_manager.o
                0x000000000800c40c                bn::sprite_affine_mats_manager::init(void*)
 .text._ZN2bn26sprite_affine_mats_manager14dettach_spriteEiRNS_24intrusive_list_node_typeE
                0x000000000800c470       0x4c bn_sprite_affine_mats_manager.o
                0x000000000800c470                bn::sprite_affine_mats_manager::dettach_sprite(int, bn::intrusive_list_node_type&)
 .text._ZN2bn26sprite_affine_mats_manager20set_horizontal_scaleEiNS_7fixed_tILi12EEE
                0x000000000800c4bc      0x140 bn_sprite_affine_mats_manager.o
                0x000000000800c4bc                bn::sprite_affine_mats_manager::set_horizontal_scale(int, bn::fixed_t<12>)
 .text._ZN2bn21sprite_affine_mat_ptr20set_horizontal_scaleENS_7fixed_tILi12EEE
                0x000000000800c5fc       0x14 bn_sprite_affine_mats_manager.o
                0x000000000800c5fc                bn::sprite_affine_mat_ptr::set_horizontal_scale(bn::fixed_t<12>)
 .text._ZN2bn26sprite_affine_mats_manager18set_vertical_scaleEiNS_7fixed_tILi12EEE
                0x000000000800c610      0x13c bn_sprite_affine_mats_manager.o
                0x000000000800c610                bn::sprite_affine_mats_manager::set_vertical_scale(int, bn::fixed_t<12>)
 .text._ZN2bn21sprite_affine_mat_ptr18set_vertical_scaleENS_7fixed_tILi12EEE
                0x000000000800c74c       0x14 bn_sprite_affine_mats_manager.o
                0x000000000800c74c                bn::sprite_affine_mat_ptr::set_vertical_scale(bn::fixed_t<12>)
 .text.startup._GLOBAL__sub_I__ZN2bn18sprite_affine_mats10used_countEv
                0x000000000800c760       0x98 bn_sprite_affine_mats_manager.o
 .text.exit._GLOBAL__sub_D__ZN2bn18sprite_affine_mats10used_countEv
                0x000000000800c7f8       0x3c bn_sprite_affine_mats_manager.o
 .text._ZN2bn15sprites_manager12_GLOBAL__N_125_update_indexes_to_commitERKNS_20sprites_manager_itemE
                0x000000000800c834       0x48 bn_sprites_manager.o
 .text._ZN2bn13ostringstream11append_argsIiJA4_ciEEEvRKT_DpRKT0_.isra.0
                0x000000000800c87c       0x24 bn_sprites_manager.o
 .text._ZN2bn15sprites_manager4initEv
                0x000000000800c8a0       0x34 bn_sprites_manager.o
                0x000000000800c8a0                bn::sprites_manager::init()
 .text._ZN2bn15sprites_manager5hw_idEPv
                0x000000000800c8d4       0x24 bn_sprites_manager.o
                0x000000000800c8d4                bn::sprites_manager::hw_id(void*)
 .text._ZN2bn15sprites_manager5shapeEPv
                0x000000000800c8f8        0x8 bn_sprites_manager.o
                0x000000000800c8f8                bn::sprites_manager::shape(void*)
 .text._ZN2bn15sprites_manager4sizeEPv
                0x000000000800c900        0x8 bn_sprites_manager.o
                0x000000000800c900                bn::sprites_manager::size(void*)
 .text._ZN2bn15sprites_manager10shape_sizeEPv
                0x000000000800c908       0x14 bn_sprites_manager.o
                0x000000000800c908                bn::sprites_manager::shape_size(void*)
 .text._ZN2bn15sprites_manager11hw_positionEPv
                0x000000000800c91c        0x4 bn_sprites_manager.o
                0x000000000800c91c                bn::sprites_manager::hw_position(void*)
 .text._ZN2bn15sprites_manager9view_modeEPv
                0x000000000800c920        0xc bn_sprites_manager.o
                0x000000000800c920                bn::sprites_manager::view_mode(void*)
 .text._ZN2bn15sprites_manager10affine_matEPv
                0x000000000800c92c        0x4 bn_sprites_manager.o
                0x000000000800c92c                bn::sprites_manager::affine_mat(void*)
 .text._ZN2bn15sprites_manager39fill_hblank_effect_horizontal_positionsEPviPKNS_7fixed_tILi12EEEPt
                0x000000000800c930       0x48 bn_sprites_manager.o
                0x000000000800c930                bn::sprites_manager::fill_hblank_effect_horizontal_positions(void*, int, bn::fixed_t<12> const*, unsigned short*)
 .text._ZN2bn15sprites_manager37fill_hblank_effect_vertical_positionsEPviPKNS_7fixed_tILi12EEEPt
                0x000000000800c978       0x4c bn_sprites_manager.o
                0x000000000800c978                bn::sprites_manager::fill_hblank_effect_vertical_positions(void*, int, bn::fixed_t<12> const*, unsigned short*)
 .text._ZN2bn15sprites_manager35fill_hblank_effect_first_attributesEiNS_12sprite_shapeENS_8bpp_modeEiPKNS_23sprite_first_attributesEPt
                0x000000000800c9c4      0x108 bn_sprites_manager.o
                0x000000000800c9c4                bn::sprites_manager::fill_hblank_effect_first_attributes(int, bn::sprite_shape, bn::bpp_mode, int, bn::sprite_first_attributes const*, unsigned short*)
 .text._ZN2bn15sprites_manager44fill_hblank_effect_regular_second_attributesEPviNS_11sprite_sizeEPKNS_32sprite_regular_second_attributesEPt
                0x000000000800cacc       0x60 bn_sprites_manager.o
                0x000000000800cacc                bn::sprites_manager::fill_hblank_effect_regular_second_attributes(void*, int, bn::sprite_size, bn::sprite_regular_second_attributes const*, unsigned short*)
 .text._ZN2bn15sprites_manager43fill_hblank_effect_affine_second_attributesEPviNS_11sprite_sizeEPKNS_31sprite_affine_second_attributesEPt
                0x000000000800cb2c       0x5c bn_sprites_manager.o
                0x000000000800cb2c                bn::sprites_manager::fill_hblank_effect_affine_second_attributes(void*, int, bn::sprite_size, bn::sprite_affine_second_attributes const*, unsigned short*)
 .text._ZN2bn15sprites_manager14update_camerasEv
                0x000000000800cb88       0x2c bn_sprites_manager.o
                0x000000000800cb88                bn::sprites_manager::update_cameras()
 .text._ZN2bn15sprites_manager6updateEv
                0x000000000800cbb4       0xa8 bn_sprites_manager.o
                0x000000000800cbb4                bn::sprites_manager::update()
 .text._ZN3_bn6assert9show_argsIJA54_cEEEvPKcS4_S4_iDpRKT_
                0x000000000800cc5c       0x50 bn_sprites_manager.o
                0x000000000800cc5c                void _bn::assert::show_args<char [54]>(char const*, char const*, char const*, int, char const (&) [54])
 .text._ZNK2bn17sprite_shape_size11tiles_countENS_8bpp_modeE
                0x000000000800ccac      0x120 bn_sprites_manager.o
                0x000000000800ccac                bn::sprite_shape_size::tiles_count(bn::bpp_mode) const
 .text._ZN3_bn6assert9show_argsIJA25_ciA4_ciEEEvPKcS5_S5_iDpRKT_
                0x000000000800cdcc       0x5c bn_sprites_manager.o
                0x000000000800cdcc                void _bn::assert::show_args<char [25], int, char [4], int>(char const*, char const*, char const*, int, char const (&) [25], int const&, char const (&) [4], int const&)
 .text._ZN2bn15sprites_manager6commitEv
                0x000000000800ce28       0x88 bn_sprites_manager.o
                0x000000000800ce28                bn::sprites_manager::commit()
 .text._ZN2bn15sprites_manager7paletteEPv
                0x000000000800ceb0       0x34 bn_sprites_manager.o
                0x000000000800ceb0                bn::sprites_manager::palette(void*)
 .text._ZN2bn15sprites_manager12_GLOBAL__N_123_update_item_dimensionsERNS_20sprites_manager_itemE
                0x000000000800cee4       0xd0 bn_sprites_manager.o
 .text._ZN2bn15sprites_manager12_GLOBAL__N_118_remove_affine_matERNS_20sprites_manager_itemE
                0x000000000800cfb4       0xc8 bn_sprites_manager.o
 .text._ZN2bn15sprites_manager40remove_identity_affine_mat_if_not_neededEPv
                0x000000000800d07c       0x18 bn_sprites_manager.o
                0x000000000800d07c                bn::sprites_manager::remove_identity_affine_mat_if_not_needed(void*)
 .text._ZN2bn20sprites_manager_itemC2EONS_14sprite_builderEONS_16sprite_tiles_ptrEONS_18sprite_palette_ptrE
                0x000000000800d094      0x460 bn_sprites_manager.o
                0x000000000800d094                bn::sprites_manager_item::sprites_manager_item(bn::sprite_builder&&, bn::sprite_tiles_ptr&&, bn::sprite_palette_ptr&&)
                0x000000000800d094                bn::sprites_manager_item::sprites_manager_item(bn::sprite_builder&&, bn::sprite_tiles_ptr&&, bn::sprite_palette_ptr&&)
 .text._ZN2bn15sprites_manager29update_affine_mat_double_sizeEPv
                0x000000000800d4f4      0x110 bn_sprites_manager.o
                0x000000000800d4f4                bn::sprites_manager::update_affine_mat_double_size(void*)
 .text._ZN2bn15sprites_manager12_GLOBAL__N_118_assign_affine_matERNS_20sprites_manager_itemEONS_21sprite_affine_mat_ptrE
                0x000000000800d604      0x1a8 bn_sprites_manager.o
 .text._ZN2bn14sprite_builder11set_z_orderEi
                0x000000000800d7ac       0x48 bn_sprites_manager.o
                0x000000000800d7ac                bn::sprite_builder::set_z_order(int)
 .text._ZN2bn14sprite_builderC2ERKNS_17sprite_shape_sizeENS_16sprite_tiles_ptrENS_18sprite_palette_ptrE
                0x000000000800d7f4      0x118 bn_sprites_manager.o
                0x000000000800d7f4                bn::sprite_builder::sprite_builder(bn::sprite_shape_size const&, bn::sprite_tiles_ptr, bn::sprite_palette_ptr)
                0x000000000800d7f4                bn::sprite_builder::sprite_builder(bn::sprite_shape_size const&, bn::sprite_tiles_ptr, bn::sprite_palette_ptr)
 .text._ZN2bn14sprite_builder15set_bg_priorityEi
                0x000000000800d90c       0x38 bn_sprites_manager.o
                0x000000000800d90c                bn::sprite_builder::set_bg_priority(int)
 .text._ZN2bn14sprite_builder13release_tilesEv
                0x000000000800d944       0x58 bn_sprites_manager.o
                0x000000000800d944                bn::sprite_builder::release_tiles()
 .text._ZN2bn14sprite_builder15release_paletteEv
                0x000000000800d99c       0x54 bn_sprites_manager.o
                0x000000000800d99c                bn::sprite_builder::release_palette()
 .text._ZN3_bn6assert9show_argsIJA27_ciA4_ciEEEvPKcS5_S5_iDpRKT_
                0x000000000800d9f0       0x5c bn_sprites_manager.o
                0x000000000800d9f0                void _bn::assert::show_args<char [27], int, char [4], int>(char const*, char const*, char const*, int, char const (&) [27], int const&, char const (&) [4], int const&)
 .text._ZN2bn15sprites_manager35fill_hblank_effect_third_attributesENS_17sprite_shape_sizeEPKNS_23sprite_third_attributesEPt
                0x000000000800da4c       0xb8 bn_sprites_manager.o
                0x000000000800da4c                bn::sprites_manager::fill_hblank_effect_third_attributes(bn::sprite_shape_size, bn::sprite_third_attributes const*, unsigned short*)
 .text._ZN2bn14sorted_sprites6sorter6insertERNS_20sprites_manager_itemE
                0x000000000800db04      0x190 bn_sprites_manager.o
                0x000000000800db04                bn::sorted_sprites::sorter::insert(bn::sprites_manager_item&)
 .text._ZN2bn15sprites_manager6createERKNS_11fixed_pointERKNS_17sprite_shape_sizeEONS_16sprite_tiles_ptrEONS_18sprite_palette_ptrE.part.0
                0x000000000800dc94      0x1d0 bn_sprites_manager.o
 .text._ZN2bn10sprite_ptr6createENS_7fixed_tILi12EEES2_RKNS_11sprite_itemE
                0x000000000800de64       0x84 bn_sprites_manager.o
                0x000000000800de64                bn::sprite_ptr::create(bn::fixed_t<12>, bn::fixed_t<12>, bn::sprite_item const&)
 .text._ZNK2bn11sprite_item13create_spriteENS_7fixed_tILi12EEES2_
                0x000000000800dee8       0x1c bn_sprites_manager.o
                0x000000000800dee8                bn::sprite_item::create_sprite(bn::fixed_t<12>, bn::fixed_t<12>) const
 .text._ZN2bn15sprites_manager6createEONS_14sprite_builderE.part.0
                0x000000000800df04       0xc8 bn_sprites_manager.o
 .text._ZN2bn10sprite_ptr6createEONS_14sprite_builderE
                0x000000000800dfcc       0x48 bn_sprites_manager.o
                0x000000000800dfcc                bn::sprite_ptr::create(bn::sprite_builder&&)
 .text._ZN2bn15sprites_manager15decrease_usagesEPv.part.0
                0x000000000800e014      0x18c bn_sprites_manager.o
 .text._ZN2bn10sprite_ptr8_destroyEv
                0x000000000800e1a0       0x1c bn_sprites_manager.o
                0x000000000800e1a0                bn::sprite_ptr::_destroy()
 .text._ZN2bn10sprite_ptr18set_vertical_scaleENS_7fixed_tILi12EEE
                0x000000000800e1bc      0x158 bn_sprites_manager.o
                0x000000000800e1bc                bn::sprite_ptr::set_vertical_scale(bn::fixed_t<12>)
 .text._ZN2bn10sprite_ptr20set_horizontal_scaleENS_7fixed_tILi12EEE
                0x000000000800e314      0x158 bn_sprites_manager.o
                0x000000000800e314                bn::sprite_ptr::set_horizontal_scale(bn::fixed_t<12>)
 .text.startup._GLOBAL__sub_I__ZN2bn7sprites16used_items_countEv
                0x000000000800e46c       0x9c bn_sprites_manager.o
 .text.exit._GLOBAL__sub_D__ZN2bn7sprites16used_items_countEv
                0x000000000800e508       0x68 bn_sprites_manager.o
 .text._ZN2bn8optionalINS_18sprite_palette_ptrEED2Ev
                0x000000000800e570       0x20 bn_sprite_text_generator.o
                0x000000000800e570                bn::optional<bn::sprite_palette_ptr>::~optional()
                0x000000000800e570                bn::optional<bn::sprite_palette_ptr>::~optional()
 .text._ZN2bn14utf8_characterC2ERKc
                0x000000000800e590      0x14c bn_sprite_text_generator.o
                0x000000000800e590                bn::utf8_character::utf8_character(char const&)
                0x000000000800e590                bn::utf8_character::utf8_character(char const&)
 .text._ZN2bn14utf8_characterC2EPKc
                0x000000000800e6dc       0x48 bn_sprite_text_generator.o
                0x000000000800e6dc                bn::utf8_character::utf8_character(char const*)
                0x000000000800e6dc                bn::utf8_character::utf8_character(char const*)
 .text._ZN3_bn6assert9show_argsIJA28_cN2bn11string_viewEEEEvPKcS6_S6_iDpRKT_
                0x000000000800e724       0x58 bn_sprite_text_generator.o
                0x000000000800e724                void _bn::assert::show_args<char [28], bn::string_view>(char const*, char const*, char const*, int, char const (&) [28], bn::string_view const&)
 .text._ZN3_bn6assert9show_argsIJA20_ccA9_cN2bn11string_viewEA2_cEEEvPKcS8_S8_iDpRKT_
                0x000000000800e77c       0x70 bn_sprite_text_generator.o
                0x000000000800e77c                void _bn::assert::show_args<char [20], char, char [9], bn::string_view, char [2]>(char const*, char const*, char const*, int, char const (&) [20], char const&, char const (&) [9], bn::string_view const&, char const (&) [2])
 .text._ZNK2bn21sprite_text_generator5widthERKNS_11string_viewE
                0x000000000800e7ec      0x41c bn_sprite_text_generator.o
                0x000000000800e7ec                bn::sprite_text_generator::width(bn::string_view const&) const
 .text._ZN2bn8optionalINS_16sprite_tiles_ptrEED2Ev
                0x000000000800ec08       0x20 bn_sprite_text_generator.o
                0x000000000800ec08                bn::optional<bn::sprite_tiles_ptr>::~optional()
                0x000000000800ec08                bn::optional<bn::sprite_tiles_ptr>::~optional()
 .text._ZN2bn21sprite_text_generator5_initEv
                0x000000000800ec28      0x1e8 bn_sprite_text_generator.o
                0x000000000800ec28                bn::sprite_text_generator::_init()
 .text._ZN2bn21sprite_text_generatorC2ERKNS_11sprite_fontE
                0x000000000800ee10       0x50 bn_sprite_text_generator.o
                0x000000000800ee10                bn::sprite_text_generator::sprite_text_generator(bn::sprite_font const&)
                0x000000000800ee10                bn::sprite_text_generator::sprite_text_generator(bn::sprite_font const&)
 .text._ZN3_bn6assert9show_argsIJA55_cEEEvPKcS4_S4_iDpRKT_
                0x000000000800ee60       0x50 bn_sprite_text_generator.o
                0x000000000800ee60                void _bn::assert::show_args<char [55]>(char const*, char const*, char const*, int, char const (&) [55])
 .text._ZN2bn12_GLOBAL__N_113_build_spriteILNS_11sprite_sizeE2ELb0EEEPNS_4tileERKNS_21sprite_text_generatorERKNS_18sprite_palette_ptrERKNS_11fixed_pointERNS_7ivectorINS_10sprite_ptrEEE
                0x000000000800eeb0      0x1dc bn_sprite_text_generator.o
 .text._ZN2bn12_GLOBAL__N_113_build_spriteILNS_11sprite_sizeE1ELb0EEEPNS_4tileERKNS_21sprite_text_generatorERKNS_18sprite_palette_ptrERKNS_11fixed_pointERNS_7ivectorINS_10sprite_ptrEEE
                0x000000000800f08c      0x1d8 bn_sprite_text_generator.o
 .text._ZN2bn12_GLOBAL__N_19_generateILb0EEEbRKNS_21sprite_text_generatorERKNS_11fixed_pointERKNS_11string_viewERKNS_14iunordered_mapIiiNS_4hashIiEENS_8equal_toIiEEEEiibRNS_7ivectorINS_10sprite_ptrEEE.isra.0
                0x000000000800f264     0x1534 bn_sprite_text_generator.o
 .text._ZNK2bn21sprite_text_generator8generateENS_7fixed_tILi12EEES2_RKNS_11string_viewERNS_7ivectorINS_10sprite_ptrEEE
                0x0000000008010798       0x4c bn_sprite_text_generator.o
                0x0000000008010798                bn::sprite_text_generator::generate(bn::fixed_t<12>, bn::fixed_t<12>, bn::string_view const&, bn::ivector<bn::sprite_ptr>&) const
 .text._ZNK2bn16sprite_tiles_ptr2idEv
                0x00000000080107e4       0x18 bn_sprite_tiles_manager.o
                0x00000000080107e4                bn::sprite_tiles_ptr::id() const
 .text._ZNK2bn16sprite_tiles_ptr11tiles_countEv
                0x00000000080107fc       0x18 bn_sprite_tiles_manager.o
                0x00000000080107fc                bn::sprite_tiles_ptr::tiles_count() const
 .text._ZN2bn20sprite_tiles_manager10log_statusEv
                0x0000000008010814      0x1d8 bn_sprite_tiles_manager.o
                0x0000000008010814                bn::sprite_tiles_manager::log_status()
 .text._ZN2bn20sprite_tiles_manager6commitEv
                0x00000000080109ec       0xdc bn_sprite_tiles_manager.o
                0x00000000080109ec                bn::sprite_tiles_manager::commit()
 .text._ZN2bn14iunordered_mapIPKNS_4tileEiNS_4hashIS3_EENS_8equal_toIS3_EEE5eraseERKNS8_14const_iteratorE.isra.0
                0x0000000008010ac8      0x130 bn_sprite_tiles_manager.o
 .text._ZN3_bn6assert9show_argsIJA44_cPKN2bn4tileEA4_cS6_EEEvPKcS9_S9_iDpRKT_
                0x0000000008010bf8       0x6c bn_sprite_tiles_manager.o
                0x0000000008010bf8                void _bn::assert::show_args<char [44], bn::tile const*, char [4], bn::tile const*>(char const*, char const*, char const*, int, char const (&) [44], bn::tile const* const&, char const (&) [4], bn::tile const* const&)
 .text._ZN3_bn6assert9show_argsIJA46_ciA4_cjEEEvPKcS5_S5_iDpRKT_
                0x0000000008010c64       0x6c bn_sprite_tiles_manager.o
                0x0000000008010c64                void _bn::assert::show_args<char [46], int, char [4], unsigned int>(char const*, char const*, char const*, int, char const (&) [46], int const&, char const (&) [4], unsigned int const&)
 .text._ZN3_bn6assert9show_argsIJA28_cA15_cPKN2bn4tileEA16_ciA47_cEEEvPKcSB_SB_iDpRKT_
                0x0000000008010cd0       0x7c bn_sprite_tiles_manager.o
                0x0000000008010cd0                void _bn::assert::show_args<char [28], char [15], bn::tile const*, char [16], int, char [47]>(char const*, char const*, char const*, int, char const (&) [28], char const (&) [15], bn::tile const* const&, char const (&) [16], int const&, char const (&) [47])
 .text._ZN3_bn6assert9show_argsIJA44_ciA47_cEEEvPKcS5_S5_iDpRKT_
                0x0000000008010d4c       0x60 bn_sprite_tiles_manager.o
                0x0000000008010d4c                void _bn::assert::show_args<char [44], int, char [47]>(char const*, char const*, char const*, int, char const (&) [44], int const&, char const (&) [47])
 .text._ZN2bn20sprite_tiles_manager12_GLOBAL__N_112_create_itemEiPKNS_4tileENS_16compression_typeEib
                0x0000000008010dac      0x2d4 bn_sprite_tiles_manager.o
 .text._ZN2bn20sprite_tiles_manager12_GLOBAL__N_116_erase_free_itemEi
                0x0000000008011080       0xe4 bn_sprite_tiles_manager.o
 .text._ZN2bn20sprite_tiles_manager15decrease_usagesEi.part.0
                0x0000000008011164      0x10c bn_sprite_tiles_manager.o
 .text._ZN2bn16sprite_tiles_ptr8_destroyEv
                0x0000000008011270       0x28 bn_sprite_tiles_manager.o
                0x0000000008011270                bn::sprite_tiles_ptr::_destroy()
 .text._ZN2bn20sprite_tiles_manager12_GLOBAL__N_117_insert_free_itemEiPt
                0x0000000008011298       0xd0 bn_sprite_tiles_manager.o
 .text._ZN2bn20sprite_tiles_manager12_GLOBAL__N_114_allocate_implEi
                0x0000000008011368      0x104 bn_sprite_tiles_manager.o
 .text._ZN2bn20sprite_tiles_manager6updateEv.part.0
                0x000000000801146c      0x254 bn_sprite_tiles_manager.o
 .text._ZN2bn20sprite_tiles_manager6updateEv
                0x00000000080116c0       0x1c bn_sprite_tiles_manager.o
                0x00000000080116c0                bn::sprite_tiles_manager::update()
 .text._ZN2bn20sprite_tiles_manager12_GLOBAL__N_112_create_implEPKNS_4tileENS_16compression_typeEi
                0x00000000080116dc      0x1f4 bn_sprite_tiles_manager.o
 .text._ZN2bn16sprite_tiles_ptr4vramEv
                0x00000000080118d0       0x4c bn_sprite_tiles_manager.o
                0x00000000080118d0                bn::sprite_tiles_ptr::vram()
 .text._ZN2bn20sprite_tiles_manager8allocateEiNS_8bpp_modeE
                0x000000000801191c       0xc4 bn_sprite_tiles_manager.o
                0x000000000801191c                bn::sprite_tiles_manager::allocate(int, bn::bpp_mode)
 .text._ZN2bn16sprite_tiles_ptr8allocateEiNS_8bpp_modeE
                0x00000000080119e0       0x18 bn_sprite_tiles_manager.o
                0x00000000080119e0                bn::sprite_tiles_ptr::allocate(int, bn::bpp_mode)
 .text._ZN2bn20sprite_tiles_manager4initEv
                0x00000000080119f8      0x148 bn_sprite_tiles_manager.o
                0x00000000080119f8                bn::sprite_tiles_manager::init()
 .text._ZN2bn20sprite_tiles_manager12_GLOBAL__N_110_find_implEPKNS_4tileENS_16compression_typeEi
                0x0000000008011b40      0x268 bn_sprite_tiles_manager.o
 .text._ZN2bn20sprite_tiles_manager6createERKNS_4spanIKNS_4tileEEENS_16compression_typeE
                0x0000000008011da8      0x12c bn_sprite_tiles_manager.o
                0x0000000008011da8                bn::sprite_tiles_manager::create(bn::span<bn::tile const> const&, bn::compression_type)
 .text._ZNK2bn17sprite_tiles_item12create_tilesEv
                0x0000000008011ed4       0xb4 bn_sprite_tiles_manager.o
                0x0000000008011ed4                bn::sprite_tiles_item::create_tiles() const
 .text._ZNK2bn17sprite_tiles_item12create_tilesEi
                0x0000000008011f88      0x100 bn_sprite_tiles_manager.o
                0x0000000008011f88                bn::sprite_tiles_item::create_tiles(int) const
 .text._ZN2bn16sprite_tiles_ptr6createERKNS_17sprite_tiles_itemEi
                0x0000000008012088      0x100 bn_sprite_tiles_manager.o
                0x0000000008012088                bn::sprite_tiles_ptr::create(bn::sprite_tiles_item const&, int)
 .text.startup._GLOBAL__sub_I__ZN2bn12sprite_tiles16used_tiles_countEv
                0x0000000008012188       0xf0 bn_sprite_tiles_manager.o
 .text._ZN2bn13ostringstreamC2ERNS_12istring_baseE
                0x0000000008012278        0x8 bn_sstream.o
                0x0000000008012278                bn::ostringstream::ostringstream(bn::istring_base&)
                0x0000000008012278                bn::ostringstream::ostringstream(bn::istring_base&)
 .text._ZNK2bn13ostringstream4sizeEv
                0x0000000008012280        0x8 bn_sstream.o
                0x0000000008012280                bn::ostringstream::size() const
 .text._ZN3_bn6assert9show_argsIJA26_ciEEEvPKcS4_S4_iDpRKT_
                0x0000000008012288       0xe0 bn_sstream.o
                0x0000000008012288                void _bn::assert::show_args<char [26], int>(char const*, char const*, char const*, int, char const (&) [26], int const&)
 .text._ZN2bn13ostringstream6appendEi
                0x0000000008012368       0xa0 bn_sstream.o
                0x0000000008012368                bn::ostringstream::append(int)
 .text._ZN3_bn6assert9show_argsIJA29_ciA4_ciEEEvPKcS5_S5_iDpRKT_
                0x0000000008012408       0x68 bn_sstream.o
                0x0000000008012408                void _bn::assert::show_args<char [29], int, char [4], int>(char const*, char const*, char const*, int, char const (&) [29], int const&, char const (&) [4], int const&)
 .text._ZN2bn13ostringstream6appendEPKc
                0x0000000008012470       0x90 bn_sstream.o
                0x0000000008012470                bn::ostringstream::append(char const*)
 .text._ZN2bn13ostringstream6appendERKNS_11string_viewE
                0x0000000008012500       0x98 bn_sstream.o
                0x0000000008012500                bn::ostringstream::append(bn::string_view const&)
 .text._ZN2bn13ostringstream6appendEj
                0x0000000008012598       0xa0 bn_sstream.o
                0x0000000008012598                bn::ostringstream::append(unsigned int)
 .text._ZN2bn7istring6appendEPKc.isra.0
                0x0000000008012638       0x90 bn_sstream.o
 .text._ZN2bn13ostringstream16_append_fractionEji
                0x00000000080126c8      0x114 bn_sstream.o
                0x00000000080126c8                bn::ostringstream::_append_fraction(unsigned int, int)
 .text._ZN2bn13ostringstream6appendEc
                0x00000000080127dc       0x48 bn_sstream.o
                0x00000000080127dc                bn::ostringstream::append(char)
 .text._ZN2bn13ostringstream6appendEPKv
                0x0000000008012824       0xf4 bn_sstream.o
                0x0000000008012824                bn::ostringstream::append(void const*)
 .text._ZN2bn5timerC2Ev
                0x0000000008012918       0x18 bn_timer.o
                0x0000000008012918                bn::timer::timer()
                0x0000000008012918                bn::timer::timer()
 .text._ZNK2bn5timer13elapsed_ticksEv
                0x0000000008012930       0x38 bn_timer.o
                0x0000000008012930                bn::timer::elapsed_ticks() const
 .text._ZN2bn5timer7restartEv
                0x0000000008012968       0x18 bn_timer.o
                0x0000000008012968                bn::timer::restart()
 .text._ZN2bn2hw5audio12_GLOBAL__N_137_update_frame_with_hp_vblank_functionEv
                0x0000000008012980       0x28 bn_hw_audio.o
 .text._ZN2bn2hw5audio4initEPFvvES3_
                0x00000000080129a8       0x64 bn_hw_audio.o
                0x00000000080129a8                bn::hw::audio::init(void (*)(), void (*)())
 .text._ZN2bn2hw5audio7disableEv
                0x0000000008012a0c       0x34 bn_hw_audio.o
                0x0000000008012a0c                bn::hw::audio::disable()
 .text._ZN2bn2hw5audio13music_playingEv
                0x0000000008012a40       0x10 bn_hw_audio.o
                0x0000000008012a40                bn::hw::audio::music_playing()
 .text._ZN2bn2hw5audio10play_musicEiib
                0x0000000008012a50       0x2c bn_hw_audio.o
                0x0000000008012a50                bn::hw::audio::play_music(int, int, bool)
 .text._ZN2bn2hw5audio10stop_musicEv
                0x0000000008012a7c        0xc bn_hw_audio.o
                0x0000000008012a7c                bn::hw::audio::stop_music()
 .text._ZN2bn2hw5audio11pause_musicEv
                0x0000000008012a88        0xc bn_hw_audio.o
                0x0000000008012a88                bn::hw::audio::pause_music()
 .text._ZN2bn2hw5audio12resume_musicEv
                0x0000000008012a94        0xc bn_hw_audio.o
                0x0000000008012a94                bn::hw::audio::resume_music()
 .text._ZN2bn2hw5audio14music_positionEv
                0x0000000008012aa0        0xc bn_hw_audio.o
                0x0000000008012aa0                bn::hw::audio::music_position()
 .text._ZN2bn2hw5audio18set_music_positionEi
                0x0000000008012aac        0xc bn_hw_audio.o
                0x0000000008012aac                bn::hw::audio::set_music_position(int)
 .text._ZN2bn2hw5audio16set_music_volumeEi
                0x0000000008012ab8        0xc bn_hw_audio.o
                0x0000000008012ab8                bn::hw::audio::set_music_volume(int)
 .text._ZN2bn2hw5audio22disable_vblank_handlerEv
                0x0000000008012ac4       0x14 bn_hw_audio.o
                0x0000000008012ac4                bn::hw::audio::disable_vblank_handler()
 .text._ZN2bn2hw5audio21enable_vblank_handlerEv
                0x0000000008012ad8       0x14 bn_hw_audio.o
                0x0000000008012ad8                bn::hw::audio::enable_vblank_handler()
 .text._ZN2bn2hw5audio12_GLOBAL__N_119_add_sound_to_queueEit
                0x0000000008012aec       0xb8 bn_hw_audio.o
 .text._ZN2bn2hw5audio15stop_all_soundsEv
                0x0000000008012ba4       0x70 bn_hw_audio.o
                0x0000000008012ba4                bn::hw::audio::stop_all_sounds()
 .text._ZN2bn2hw5audio12_GLOBAL__N_119_check_sounds_queueEv.part.0
                0x0000000008012c14       0xa4 bn_hw_audio.o
 .text._ZN2bn2hw5audio10play_soundEiiiii
                0x0000000008012cb8       0x44 bn_hw_audio.o
                0x0000000008012cb8                bn::hw::audio::play_sound(int, int, int, int, int)
 .text._ZN2bn2hw5audio10play_soundEii
                0x0000000008012cfc       0x30 bn_hw_audio.o
                0x0000000008012cfc                bn::hw::audio::play_sound(int, int)
 .text._ZN2bn2hw5audio6commitEv
                0x0000000008012d2c       0xb0 bn_hw_audio.o
                0x0000000008012d2c                bn::hw::audio::commit()
 .text.startup._GLOBAL__sub_I__ZN2bn2hw5audio4initEPFvvES3_
                0x0000000008012ddc       0x2c bn_hw_audio.o
 .text.exit._GLOBAL__sub_D__ZN2bn2hw5audio4initEPFvvES3_
                0x0000000008012e08       0x90 bn_hw_audio.o
 .text._ZN3_bn6assert9show_argsIJA40_cEEEvPKcS4_S4_iDpRKT_
                0x0000000008012e98       0x50 bn_hw_common.bn_noflto.o
                0x0000000008012e98                void _bn::assert::show_args<char [40]>(char const*, char const*, char const*, int, char const (&) [40])
 .text.__aeabi_idiv0
                0x0000000008012ee8       0x24 bn_hw_common.bn_noflto.o
                0x0000000008012ee8                __aeabi_idiv0
 .text._ZN2bn2hw4link11_timer_intrEv
                0x0000000008012f0c      0x110 bn_hw_link.o
                0x0000000008012f0c                bn::hw::link::_timer_intr()
 .text._ZN2bn2hw4link12_serial_intrEv
                0x000000000801301c      0x238 bn_hw_link.o
                0x000000000801301c                bn::hw::link::_serial_intr()
 .text._ZN2bn2hw3logERKNS_12istring_baseE
                0x0000000008013254       0x68 bn_hw_log.o
                0x0000000008013254                bn::hw::log(bn::istring_base const&)
 .text._ZN2bn2hw6memory4initEv
                0x00000000080132bc        0x4 bn_hw_memory.o
                0x00000000080132bc                bn::hw::memory::init()
 .text._ZN2bn2hw6memory16ewram_heap_startEv
                0x00000000080132c0        0x8 bn_hw_memory.o
                0x00000000080132c0                bn::hw::memory::ewram_heap_start()
 .text._ZN2bn2hw6memory14ewram_heap_endEv
                0x00000000080132c8        0x8 bn_hw_memory.o
                0x00000000080132c8                bn::hw::memory::ewram_heap_end()
 .text._ZN2bn2hw4show5errorERKNS_11string_viewES4_S4_iS4_
                0x00000000080132d0      0x29c bn_hw_show.o